******************************************************************************
             TMS320C2000 Linker PC v16.9.4                     
******************************************************************************
>> Linked Wed Jan 29 18:52:33 2020

OUTPUT FILE NAME:   <HVPM_Sensorless_2833x.out>
ENTRY POINT SYMBOL: "_c_int00"  address: 0000a483


MEMORY CONFIGURATION

         name            origin    length      used     unused   attr    fill
----------------------  --------  ---------  --------  --------  ----  --------
PAGE 0:
  BEGIN                 00000000   00000002  00000002  00000000  RWIX
  BOOT_RSVD             00000002   0000004e  00000000  0000004e  RWIX
  RAMM0                 00000050   000003b0  00000000  000003b0  RWIX
  RAML0                 00008000   00001000  00000203  00000dfd  RWIX
  RAML1                 00009000   00001800  000016b0  00000150  RWIX
  RAML2                 0000b000   00001000  00000000  00001000  RWIX
  RAML3                 0000c000   00001000  00000000  00001000  RWIX
  ZONE7A                00200000   0000fc00  00000000  0000fc00  RWIX
  CSM_RSVD              0033ff80   00000076  00000000  00000076  RWIX
  CSM_PWL               0033fff8   00000008  00000000  00000008  RWIX
  ADC_CAL               00380080   00000009  00000007  00000002  RWIX
  IQTABLES              003fe000   00000b50  00000000  00000b50  RWIX
  IQTABLES2             003feb50   0000008c  00000000  0000008c  RWIX
  FPUTABLES             003febdc   000006a0  000006a0  00000000  RWIX
  BOOTROM               003ff27c   00000d44  00000000  00000d44  RWIX
  RESET                 003fffc0   00000002  00000000  00000002  RWIX

PAGE 1:
  RAMM1                 00000400   00000400  00000380  00000080  RWIX
  DEV_EMU               00000880   00000180  000000d0  000000b0  RWIX
  FLASH_REGS            00000a80   00000060  00000008  00000058  RWIX
  CSM                   00000ae0   00000010  00000010  00000000  RWIX
  ADC_MIRROR            00000b00   00000010  00000010  00000000  RWIX
  XINTF                 00000b20   00000020  0000001e  00000002  RWIX
  CPU_TIMER0            00000c00   00000008  00000008  00000000  RWIX
  CPU_TIMER1            00000c08   00000008  00000008  00000000  RWIX
  CPU_TIMER2            00000c10   00000008  00000008  00000000  RWIX
  PIE_CTRL              00000ce0   00000020  0000001a  00000006  RWIX
  PIE_VECT              00000d00   00000100  00000100  00000000  RWIX
  DMA                   00001000   00000200  000000e0  00000120  RWIX
  MCBSPA                00005000   00000040  00000025  0000001b  RWIX
  MCBSPB                00005040   00000040  00000025  0000001b  RWIX
  ECANA                 00006000   00000040  00000034  0000000c  RWIX
  ECANA_LAM             00006040   00000040  00000040  00000000  RWIX
  ECANA_MOTS            00006080   00000040  00000040  00000000  RWIX
  ECANA_MOTO            000060c0   00000040  00000040  00000000  RWIX
  ECANA_MBOX            00006100   00000100  00000100  00000000  RWIX
  ECANB                 00006200   00000040  00000034  0000000c  RWIX
  ECANB_LAM             00006240   00000040  00000040  00000000  RWIX
  ECANB_MOTS            00006280   00000040  00000040  00000000  RWIX
  ECANB_MOTO            000062c0   00000040  00000040  00000000  RWIX
  ECANB_MBOX            00006300   00000100  00000100  00000000  RWIX
  EPWM1                 00006800   00000022  00000022  00000000  RWIX
  EPWM2                 00006840   00000022  00000022  00000000  RWIX
  EPWM3                 00006880   00000022  00000022  00000000  RWIX
  EPWM4                 000068c0   00000022  00000022  00000000  RWIX
  EPWM5                 00006900   00000022  00000022  00000000  RWIX
  EPWM6                 00006940   00000022  00000022  00000000  RWIX
  ECAP1                 00006a00   00000020  00000020  00000000  RWIX
  ECAP2                 00006a20   00000020  00000020  00000000  RWIX
  ECAP3                 00006a40   00000020  00000020  00000000  RWIX
  ECAP4                 00006a60   00000020  00000020  00000000  RWIX
  ECAP5                 00006a80   00000020  00000020  00000000  RWIX
  ECAP6                 00006aa0   00000020  00000020  00000000  RWIX
  EQEP1                 00006b00   00000040  00000040  00000000  RWIX
  EQEP2                 00006b40   00000040  00000040  00000000  RWIX
  GPIOCTRL              00006f80   00000040  0000002e  00000012  RWIX
  GPIODAT               00006fc0   00000020  00000020  00000000  RWIX
  GPIOINT               00006fe0   00000020  0000000a  00000016  RWIX
  SYSTEM                00007010   00000020  00000020  00000000  RWIX
  SPIA                  00007040   00000010  00000010  00000000  RWIX
  SCIA                  00007050   00000010  00000010  00000000  RWIX
  XINTRUPT              00007070   00000010  00000010  00000000  RWIX
  ADC                   00007100   00000020  0000001e  00000002  RWIX
  SCIB                  00007750   00000010  00000010  00000000  RWIX
  SCIC                  00007770   00000010  00000010  00000000  RWIX
  I2CA                  00007900   00000040  00000022  0000001e  RWIX
  RAML4                 0000c000   00001000  00000eef  00000111  RWIX
  RAML5                 0000d000   00001000  0000001e  00000fe2  RWIX
  RAML6                 0000e000   00001000  00000000  00001000  RWIX
  RAML7                 0000f000   00001000  00000000  00001000  RWIX
  ZONE7B                0020fc00   00000400  00000000  00000400  RWIX
  CSM_PWL               0033fff8   00000008  00000008  00000000  RWIX
  PARTID                00380090   00000001  00000001  00000000  RWIX


SECTION ALLOCATION MAP

 output                                  attributes/
section   page    origin      length       input sections
--------  ----  ----------  ----------   ----------------
codestart 
*          0    00000000    00000002     
                  00000000    00000002     DSP2833x_CodeStartBranch.obj (codestart)

.cinit     0    00008000    000001ff     
                  00008000    000001e1     HVPM_Sensorless.obj (.cinit)
                  000081e1    0000000e     rts2800_fpu32.lib : exit.obj (.cinit)
                  000081ef    00000005                       : _lock.obj (.cinit:__lock)
                  000081f4    00000005                       : _lock.obj (.cinit:__unlock)
                  000081f9    00000004                       : errno.obj (.cinit)
                  000081fd    00000002     --HOLE-- [fill = 0]

ramfuncs   0    000081ff    00000004     
                  000081ff    00000004     DSP2833x_usDelay.obj (ramfuncs)

.text      0    00009000    000016b0     
                  00009000    00000b05     HVPM_Sensorless.obj (.text:retain)
                  00009b05    00000656     HVPM_Sensorless.obj (.text)
                  0000a15b    000001c1     HVPM_Sensorless-DevInit_F2833x.obj (.text)
                  0000a31c    00000110     rts2800_fpu32.lib : e_expf.obj (.text)
                  0000a42c    00000057                       : s_floorf.obj (.text)
                  0000a483    00000056                       : boot28.obj (.text)
                  0000a4d9    0000004b     DLOG4CHC.obj (.text)
                  0000a524    00000048     DSP2833x_Sci.obj (.text)
                  0000a56c    00000034     rts2800_fpu32_fast_supplement.lib : cos_f32.obj (.text)
                  0000a5a0    00000034                                       : sin_f32.obj (.text)
                  0000a5d4    00000029     rts2800_fpu32.lib : exit.obj (.text)
                  0000a5fd    00000024                       : cpy_tbl.obj (.text)
                  0000a621    00000021     rts2800_fpu32_fast_supplement.lib : sqrt_f32.obj (.text)
                  0000a642    0000001e     rts2800_fpu32.lib : memcpy.obj (.text)
                  0000a660    00000019                       : args_main.obj (.text)
                  0000a679    00000019     rts2800_fpu32_fast_supplement.lib : div_f32.obj (.text)
                  0000a692    0000000a     HVPM_Sensorless-DevInit_F2833x.obj (.text:retain)
                  0000a69c    00000009     rts2800_fpu32.lib : _lock.obj (.text)
                  0000a6a5    00000008     DSP2833x_CodeStartBranch.obj (.text)
                  0000a6ad    00000002     rts2800_fpu32.lib : pre_init.obj (.text)
                  0000a6af    00000001                       : startup.obj (.text)

.adc_cal   0    00380080    00000007     NOLOAD SECTION
                  00380080    00000007     DSP2833x_ADC_cal.obj (.adc_cal)

FPUmathTables 
*          0    003febdc    000006a0     NOLOAD SECTION
                  003febdc    000006a0     rts2800_fpu32_fast_supplement.lib : FPUmathTables.obj (FPUmathTables)

.stack     1    00000400    00000380     UNINITIALIZED
                  00000400    00000380     --HOLE--

DevEmuRegsFile 
*          1    00000880    000000d0     UNINITIALIZED
                  00000880    000000d0     DSP2833x_GlobalVariableDefs.obj (DevEmuRegsFile)

FlashRegsFile 
*          1    00000a80    00000008     UNINITIALIZED
                  00000a80    00000008     DSP2833x_GlobalVariableDefs.obj (FlashRegsFile)

CsmRegsFile 
*          1    00000ae0    00000010     UNINITIALIZED
                  00000ae0    00000010     DSP2833x_GlobalVariableDefs.obj (CsmRegsFile)

AdcMirrorFile 
*          1    00000b00    00000010     UNINITIALIZED
                  00000b00    00000010     DSP2833x_GlobalVariableDefs.obj (AdcMirrorFile)

XintfRegsFile 
*          1    00000b20    0000001e     UNINITIALIZED
                  00000b20    0000001e     DSP2833x_GlobalVariableDefs.obj (XintfRegsFile)

CpuTimer0RegsFile 
*          1    00000c00    00000008     UNINITIALIZED
                  00000c00    00000008     DSP2833x_GlobalVariableDefs.obj (CpuTimer0RegsFile)

CpuTimer1RegsFile 
*          1    00000c08    00000008     UNINITIALIZED
                  00000c08    00000008     DSP2833x_GlobalVariableDefs.obj (CpuTimer1RegsFile)

CpuTimer2RegsFile 
*          1    00000c10    00000008     UNINITIALIZED
                  00000c10    00000008     DSP2833x_GlobalVariableDefs.obj (CpuTimer2RegsFile)

PieCtrlRegsFile 
*          1    00000ce0    0000001a     UNINITIALIZED
                  00000ce0    0000001a     DSP2833x_GlobalVariableDefs.obj (PieCtrlRegsFile)

PieVectTableFile 
*          1    00000d00    00000100     UNINITIALIZED
                  00000d00    00000100     DSP2833x_GlobalVariableDefs.obj (PieVectTableFile)

DmaRegsFile 
*          1    00001000    000000e0     UNINITIALIZED
                  00001000    000000e0     DSP2833x_GlobalVariableDefs.obj (DmaRegsFile)

McbspaRegsFile 
*          1    00005000    00000025     UNINITIALIZED
                  00005000    00000025     DSP2833x_GlobalVariableDefs.obj (McbspaRegsFile)

McbspbRegsFile 
*          1    00005040    00000025     UNINITIALIZED
                  00005040    00000025     DSP2833x_GlobalVariableDefs.obj (McbspbRegsFile)

ECanaRegsFile 
*          1    00006000    00000034     UNINITIALIZED
                  00006000    00000034     DSP2833x_GlobalVariableDefs.obj (ECanaRegsFile)

ECanaLAMRegsFile 
*          1    00006040    00000040     UNINITIALIZED
                  00006040    00000040     DSP2833x_GlobalVariableDefs.obj (ECanaLAMRegsFile)

ECanaMOTSRegsFile 
*          1    00006080    00000040     UNINITIALIZED
                  00006080    00000040     DSP2833x_GlobalVariableDefs.obj (ECanaMOTSRegsFile)

ECanaMOTORegsFile 
*          1    000060c0    00000040     UNINITIALIZED
                  000060c0    00000040     DSP2833x_GlobalVariableDefs.obj (ECanaMOTORegsFile)

ECanaMboxesFile 
*          1    00006100    00000100     UNINITIALIZED
                  00006100    00000100     DSP2833x_GlobalVariableDefs.obj (ECanaMboxesFile)

ECanbRegsFile 
*          1    00006200    00000034     UNINITIALIZED
                  00006200    00000034     DSP2833x_GlobalVariableDefs.obj (ECanbRegsFile)

ECanbLAMRegsFile 
*          1    00006240    00000040     UNINITIALIZED
                  00006240    00000040     DSP2833x_GlobalVariableDefs.obj (ECanbLAMRegsFile)

ECanbMOTSRegsFile 
*          1    00006280    00000040     UNINITIALIZED
                  00006280    00000040     DSP2833x_GlobalVariableDefs.obj (ECanbMOTSRegsFile)

ECanbMOTORegsFile 
*          1    000062c0    00000040     UNINITIALIZED
                  000062c0    00000040     DSP2833x_GlobalVariableDefs.obj (ECanbMOTORegsFile)

ECanbMboxesFile 
*          1    00006300    00000100     UNINITIALIZED
                  00006300    00000100     DSP2833x_GlobalVariableDefs.obj (ECanbMboxesFile)

EPwm1RegsFile 
*          1    00006800    00000022     UNINITIALIZED
                  00006800    00000022     DSP2833x_GlobalVariableDefs.obj (EPwm1RegsFile)

EPwm2RegsFile 
*          1    00006840    00000022     UNINITIALIZED
                  00006840    00000022     DSP2833x_GlobalVariableDefs.obj (EPwm2RegsFile)

EPwm3RegsFile 
*          1    00006880    00000022     UNINITIALIZED
                  00006880    00000022     DSP2833x_GlobalVariableDefs.obj (EPwm3RegsFile)

EPwm4RegsFile 
*          1    000068c0    00000022     UNINITIALIZED
                  000068c0    00000022     DSP2833x_GlobalVariableDefs.obj (EPwm4RegsFile)

EPwm5RegsFile 
*          1    00006900    00000022     UNINITIALIZED
                  00006900    00000022     DSP2833x_GlobalVariableDefs.obj (EPwm5RegsFile)

EPwm6RegsFile 
*          1    00006940    00000022     UNINITIALIZED
                  00006940    00000022     DSP2833x_GlobalVariableDefs.obj (EPwm6RegsFile)

ECap1RegsFile 
*          1    00006a00    00000020     UNINITIALIZED
                  00006a00    00000020     DSP2833x_GlobalVariableDefs.obj (ECap1RegsFile)

ECap2RegsFile 
*          1    00006a20    00000020     UNINITIALIZED
                  00006a20    00000020     DSP2833x_GlobalVariableDefs.obj (ECap2RegsFile)

ECap3RegsFile 
*          1    00006a40    00000020     UNINITIALIZED
                  00006a40    00000020     DSP2833x_GlobalVariableDefs.obj (ECap3RegsFile)

ECap4RegsFile 
*          1    00006a60    00000020     UNINITIALIZED
                  00006a60    00000020     DSP2833x_GlobalVariableDefs.obj (ECap4RegsFile)

ECap5RegsFile 
*          1    00006a80    00000020     UNINITIALIZED
                  00006a80    00000020     DSP2833x_GlobalVariableDefs.obj (ECap5RegsFile)

ECap6RegsFile 
*          1    00006aa0    00000020     UNINITIALIZED
                  00006aa0    00000020     DSP2833x_GlobalVariableDefs.obj (ECap6RegsFile)

EQep1RegsFile 
*          1    00006b00    00000040     UNINITIALIZED
                  00006b00    00000040     DSP2833x_GlobalVariableDefs.obj (EQep1RegsFile)

EQep2RegsFile 
*          1    00006b40    00000040     UNINITIALIZED
                  00006b40    00000040     DSP2833x_GlobalVariableDefs.obj (EQep2RegsFile)

GpioCtrlRegsFile 
*          1    00006f80    0000002e     UNINITIALIZED
                  00006f80    0000002e     DSP2833x_GlobalVariableDefs.obj (GpioCtrlRegsFile)

GpioDataRegsFile 
*          1    00006fc0    00000020     UNINITIALIZED
                  00006fc0    00000020     DSP2833x_GlobalVariableDefs.obj (GpioDataRegsFile)

GpioIntRegsFile 
*          1    00006fe0    0000000a     UNINITIALIZED
                  00006fe0    0000000a     DSP2833x_GlobalVariableDefs.obj (GpioIntRegsFile)

SysCtrlRegsFile 
*          1    00007010    00000020     UNINITIALIZED
                  00007010    00000020     DSP2833x_GlobalVariableDefs.obj (SysCtrlRegsFile)

SpiaRegsFile 
*          1    00007040    00000010     UNINITIALIZED
                  00007040    00000010     DSP2833x_GlobalVariableDefs.obj (SpiaRegsFile)

SciaRegsFile 
*          1    00007050    00000010     UNINITIALIZED
                  00007050    00000010     DSP2833x_GlobalVariableDefs.obj (SciaRegsFile)

XIntruptRegsFile 
*          1    00007070    00000010     UNINITIALIZED
                  00007070    00000010     DSP2833x_GlobalVariableDefs.obj (XIntruptRegsFile)

AdcRegsFile 
*          1    00007100    0000001e     UNINITIALIZED
                  00007100    0000001e     DSP2833x_GlobalVariableDefs.obj (AdcRegsFile)

ScibRegsFile 
*          1    00007750    00000010     UNINITIALIZED
                  00007750    00000010     DSP2833x_GlobalVariableDefs.obj (ScibRegsFile)

ScicRegsFile 
*          1    00007770    00000010     UNINITIALIZED
                  00007770    00000010     DSP2833x_GlobalVariableDefs.obj (ScicRegsFile)

I2caRegsFile 
*          1    00007900    00000022     UNINITIALIZED
                  00007900    00000022     DSP2833x_GlobalVariableDefs.obj (I2caRegsFile)

.ebss      1    0000c000    00000bcf     UNINITIALIZED
                  0000c000    00000bc4     HVPM_Sensorless.obj (.ebss)
                  0000cbc4    00000006     rts2800_fpu32.lib : exit.obj (.ebss)
                  0000cbca    00000002                       : _lock.obj (.ebss:__lock)
                  0000cbcc    00000002                       : _lock.obj (.ebss:__unlock)
                  0000cbce    00000001                       : errno.obj (.ebss)

.econst    1    0000d000    0000001e     
                  0000d000    00000010     rts2800_fpu32.lib : e_expf.obj (.econst)
                  0000d010    00000004                       : e_expf.obj (.econst:_halF)
                  0000d014    00000004                       : e_expf.obj (.econst:_ln2HI)
                  0000d018    00000004                       : e_expf.obj (.econst:_ln2LO)
                  0000d01c    00000002                       : s_floorf.obj (.econst)

CsmPwlFile 
*          1    0033fff8    00000008     UNINITIALIZED
                  0033fff8    00000008     DSP2833x_GlobalVariableDefs.obj (CsmPwlFile)

PartIdRegsFile 
*          1    00380090    00000001     UNINITIALIZED
                  00380090    00000001     DSP2833x_GlobalVariableDefs.obj (PartIdRegsFile)

.pinit     0    00008000    00000000     UNINITIALIZED

.reset     0    003fffc0    00000002     DSECT
                  003fffc0    00000002     rts2800_fpu32.lib : boot28.obj (.reset)

csm_rsvd   0    0033ff80    00000000     DSECT

csmpasswds 
*          0    0033fff8    00000000     DSECT

DLOG       1    0000cbcf    00000320     UNINITIALIZED
                  0000cbcf    00000320     DLOG4CHC.obj (DLOG)

MODULE SUMMARY

       Module                               code   initialized data   uninitialized data
       ------                               ----   ----------------   ------------------
    .\
       HVPM_Sensorless.obj                  4443   481                3012              
       DSP2833x_GlobalVariableDefs.obj      0      0                  2679              
       DLOG4CHC.obj                         75     0                  800               
       HVPM_Sensorless-DevInit_F2833x.obj   459    0                  0                 
       DSP2833x_Sci.obj                     72     0                  0                 
       DSP2833x_CodeStartBranch.obj         10     0                  0                 
       DSP2833x_ADC_cal.obj                 7      0                  0                 
       DSP2833x_usDelay.obj                 4      0                  0                 
    +--+------------------------------------+------+------------------+--------------------+
       Total:                               5070   481                6491              
                                                                                        
    C:/ti/ccsv7/tools/compiler/ti-cgt-c2000_16.9.4.LTS/lib/rts2800_fpu32.lib
       e_expf.obj                           272    28                 0                 
       s_floorf.obj                         87     2                  0                 
       boot28.obj                           86     0                  0                 
       exit.obj                             41     14                 6                 
       cpy_tbl.obj                          36     0                  0                 
       memcpy.obj                           30     0                  0                 
       args_main.obj                        25     0                  0                 
       _lock.obj                            9      10                 4                 
       errno.obj                            0      4                  1                 
       pre_init.obj                         2      0                  0                 
       startup.obj                          1      0                  0                 
    +--+------------------------------------+------+------------------+--------------------+
       Total:                               589    58                 11                
                                                                                        
    C:/ti/controlSUITE/libs/math/FPUfastRTS/V100/lib/rts2800_fpu32_fast_supplement.lib
       FPUmathTables.obj                    0      1696               0                 
       cos_f32.obj                          52     0                  0                 
       sin_f32.obj                          52     0                  0                 
       sqrt_f32.obj                         33     0                  0                 
       div_f32.obj                          25     0                  0                 
    +--+------------------------------------+------+------------------+--------------------+
       Total:                               162    1696               0                 
                                                                                        
       Stack:                               0      0                  896               
    +--+------------------------------------+------+------------------+--------------------+
       Grand Total:                         5821   2235               7398              


GLOBAL DATA SYMBOLS: SORTED BY DATA PAGE

address     data page           name
--------    ----------------    ----
00000400      10 (00000400)     __stack

00000880      22 (00000880)     _DevEmuRegs

00000a80      2a (00000a80)     _FlashRegs

00000ae0      2b (00000ac0)     _CsmRegs

00000b00      2c (00000b00)     _AdcMirror
00000b20      2c (00000b00)     _XintfRegs

00000c00      30 (00000c00)     _CpuTimer0Regs
00000c08      30 (00000c00)     _CpuTimer1Regs
00000c10      30 (00000c00)     _CpuTimer2Regs

00000ce0      33 (00000cc0)     _PieCtrlRegs

00000d00      34 (00000d00)     _PieVectTable

00001000      40 (00001000)     _DmaRegs

00005000     140 (00005000)     _McbspaRegs

00005040     141 (00005040)     _McbspbRegs

00006000     180 (00006000)     _ECanaRegs

00006040     181 (00006040)     _ECanaLAMRegs

00006080     182 (00006080)     _ECanaMOTSRegs

000060c0     183 (000060c0)     _ECanaMOTORegs

00006100     184 (00006100)     _ECanaMboxes

00006200     188 (00006200)     _ECanbRegs

00006240     189 (00006240)     _ECanbLAMRegs

00006280     18a (00006280)     _ECanbMOTSRegs

000062c0     18b (000062c0)     _ECanbMOTORegs

00006300     18c (00006300)     _ECanbMboxes

00006800     1a0 (00006800)     _EPwm1Regs

00006840     1a1 (00006840)     _EPwm2Regs

00006880     1a2 (00006880)     _EPwm3Regs

000068c0     1a3 (000068c0)     _EPwm4Regs

00006900     1a4 (00006900)     _EPwm5Regs

00006940     1a5 (00006940)     _EPwm6Regs

00006a00     1a8 (00006a00)     _ECap1Regs
00006a20     1a8 (00006a00)     _ECap2Regs

00006a40     1a9 (00006a40)     _ECap3Regs
00006a60     1a9 (00006a40)     _ECap4Regs

00006a80     1aa (00006a80)     _ECap5Regs
00006aa0     1aa (00006a80)     _ECap6Regs

00006b00     1ac (00006b00)     _EQep1Regs

00006b40     1ad (00006b40)     _EQep2Regs

00006f80     1be (00006f80)     _GpioCtrlRegs

00006fc0     1bf (00006fc0)     _GpioDataRegs
00006fe0     1bf (00006fc0)     _GpioIntRegs

00007010     1c0 (00007000)     _SysCtrlRegs

00007040     1c1 (00007040)     _SpiaRegs
00007050     1c1 (00007040)     _SciaRegs
00007070     1c1 (00007040)     _XIntruptRegs

00007100     1c4 (00007100)     _AdcRegs

00007750     1dd (00007740)     _ScibRegs
00007770     1dd (00007740)     _ScicRegs

00007900     1e4 (00007900)     _I2caRegs

0000c000     300 (0000c000)     _Tmin
0000c001     300 (0000c000)     _SerialCommsTimer
0000c002     300 (0000c000)     _Tc
0000c003     300 (0000c000)     _Tmax
0000c004     300 (0000c000)     _BackTicker
0000c005     300 (0000c000)     _Nb_paire_poles
0000c006     300 (0000c000)     _index_profil
0000c007     300 (0000c000)     _pos_k1
0000c008     300 (0000c000)     _Calage_Index
0000c009     300 (0000c000)     _pos_k
0000c00a     300 (0000c000)     _decim_tab
0000c00b     300 (0000c000)     _tab_rol
0000c00c     300 (0000c000)     _tabCount
0000c00d     300 (0000c000)     _decim_tab_Count
0000c00e     300 (0000c000)     _EnableFlag
0000c00f     300 (0000c000)     _Tb
0000c010     300 (0000c000)     _TripFlagDMC
0000c011     300 (0000c000)     _Ta
0000c012     300 (0000c000)     _syncmes
0000c013     300 (0000c000)     _pos_sync
0000c014     300 (0000c000)     _D_transmit
0000c015     300 (0000c000)     _TransmitCount
0000c016     300 (0000c000)     _Iqf_t
0000c017     300 (0000c000)     _Sync_ech
0000c018     300 (0000c000)     _tmp
0000c019     300 (0000c000)     _x
0000c01a     300 (0000c000)     _Vit_rpm_t
0000c01b     300 (0000c000)     _comp
0000c01c     300 (0000c000)     _control
0000c01d     300 (0000c000)     _DFTKt
0000c01e     300 (0000c000)     _rampe_mode
0000c01f     300 (0000c000)     _AcqKt
0000c020     300 (0000c000)     _SPEED_controller
0000c021     300 (0000c000)     _Secu
0000c022     300 (0000c000)     _K1_fIdq
0000c024     300 (0000c000)     _Udmax
0000c026     300 (0000c000)     _Ud
0000c028     300 (0000c000)     _Udmin
0000c02a     300 (0000c000)     _sin_theta
0000c02c     300 (0000c000)     _Eid0
0000c02e     300 (0000c000)     _K2_fIdq
0000c030     300 (0000c000)     _Idref
0000c032     300 (0000c000)     _Eid
0000c034     300 (0000c000)     _Vc
0000c036     300 (0000c000)     _Vb
0000c038     300 (0000c000)     _F_Elec_BO
0000c03a     300 (0000c000)     _Vmax_BO
0000c03c     300 (0000c000)     _Theta_Elec_BO
0000c03e     300 (0000c000)     _F0_vit

0000c040     301 (0000c040)     _Vbeta
0000c042     301 (0000c040)     _Valpha
0000c044     301 (0000c040)     _cos_theta
0000c046     301 (0000c040)     _Vq
0000c048     301 (0000c040)     _Vd
0000c04a     301 (0000c040)     _F0_acc
0000c04c     301 (0000c040)     _Puls_Elec
0000c04e     301 (0000c040)     _K1_facc
0000c050     301 (0000c040)     _Acc
0000c052     301 (0000c040)     _K2_facc
0000c054     301 (0000c040)     _F0_Idq
0000c056     301 (0000c040)     _K1_fvit
0000c058     301 (0000c040)     _Va
0000c05a     301 (0000c040)     _K2_fvit
0000c05c     301 (0000c040)     _Vit_rds
0000c05e     301 (0000c040)     _Vit_rpm
0000c060     301 (0000c040)     _Vit_rds0
0000c062     301 (0000c040)     _Vit_echmin
0000c064     301 (0000c040)     _Vit_ech0
0000c066     301 (0000c040)     _Cem
0000c068     301 (0000c040)     _Ktf
0000c06a     301 (0000c040)     _Kt
0000c06c     301 (0000c040)     _K2_vit
0000c06e     301 (0000c040)     _K1_vit
0000c070     301 (0000c040)     _Crefmax
0000c072     301 (0000c040)     _Vit_echmax
0000c074     301 (0000c040)     _Crefmin
0000c076     301 (0000c040)     _k2_phi
0000c078     301 (0000c040)     _k1_phi
0000c07a     301 (0000c040)     _k6_phi
0000c07c     301 (0000c040)     _k_VsF
0000c07e     301 (0000c040)     _Isecu

0000c080     302 (0000c080)     _k0_Kt
0000c082     302 (0000c080)     _Kt_th
0000c084     302 (0000c080)     _k1_Kt
0000c086     302 (0000c080)     _k6_Kt
0000c088     302 (0000c080)     _k2_Kt
0000c08a     302 (0000c080)     _Iqref_ech0
0000c08c     302 (0000c080)     _Iqref_echmax
0000c08e     302 (0000c080)     _Iqref_echmin
0000c090     302 (0000c080)     _Uqmax
0000c092     302 (0000c080)     _Uq
0000c094     302 (0000c080)     _K2_id
0000c096     302 (0000c080)     _K1_id
0000c098     302 (0000c080)     _Eiq0
0000c09a     302 (0000c080)     _Iqref
0000c09c     302 (0000c080)     _Eiq
0000c09e     302 (0000c080)     _Vitref_rds
0000c0a0     302 (0000c080)     _Vitref_rpm
0000c0a2     302 (0000c080)     _Vitcons_rpm
0000c0a4     302 (0000c080)     _Cref0
0000c0a6     302 (0000c080)     _Cref
0000c0a8     302 (0000c080)     _K1_iq
0000c0aa     302 (0000c080)     _Uqmin
0000c0ac     302 (0000c080)     _K2_iq
0000c0ae     302 (0000c080)     _Evit_rds
0000c0b0     302 (0000c080)     _Evit_rds0
0000c0b2     302 (0000c080)     _ACC_MAX
0000c0b4     302 (0000c080)     _CPU_LOAD1
0000c0b6     302 (0000c080)     _FcoupIdq
0000c0b8     302 (0000c080)     _CPU_LOAD
0000c0ba     302 (0000c080)     _Fe
0000c0bc     302 (0000c080)     _IsrTicker
0000c0be     302 (0000c080)     _T

0000c0c0     303 (0000c0c0)     _Vb_mes
0000c0c2     303 (0000c0c0)     _Vc_mes
0000c0c4     303 (0000c0c0)     _Va_mes
0000c0c6     303 (0000c0c0)     _Ib
0000c0c8     303 (0000c0c0)     _Vbus
0000c0ca     303 (0000c0c0)     _Ia
0000c0cc     303 (0000c0c0)     _JROT
0000c0ce     303 (0000c0c0)     _B_Task_Ptr
0000c0d0     303 (0000c0c0)     _C_Task_Ptr
0000c0d2     303 (0000c0c0)     _A_Task_Ptr
0000c0d4     303 (0000c0c0)     _Csec
0000c0d6     303 (0000c0c0)     _Alpha_State_Ptr
0000c0d8     303 (0000c0c0)     _fROT
0000c0da     303 (0000c0c0)     _Gain_Ia
0000c0dc     303 (0000c0c0)     _Offset_Vc
0000c0de     303 (0000c0c0)     _Gain_Vbus
0000c0e0     303 (0000c0c0)     _Gain_Ib
0000c0e2     303 (0000c0c0)     _Offset_Vbus
0000c0e4     303 (0000c0c0)     _Offset_Ib
0000c0e6     303 (0000c0c0)     _Offset_Vb
0000c0e8     303 (0000c0c0)     _Theta_Mec
0000c0ea     303 (0000c0c0)     _Res_Mec
0000c0ec     303 (0000c0c0)     _Theta_Elec0
0000c0ee     303 (0000c0c0)     _Theta_Elec
0000c0f0     303 (0000c0c0)     _Gain_Va
0000c0f2     303 (0000c0c0)     _Offset_Va
0000c0f4     303 (0000c0c0)     _Gain_Vc
0000c0f6     303 (0000c0c0)     _Gain_Vb
0000c0f8     303 (0000c0c0)     _Iqf
0000c0fa     303 (0000c0c0)     _Idf
0000c0fc     303 (0000c0c0)     _Ibeta
0000c0fe     303 (0000c0c0)     _Offset_Ia

0000c100     304 (0000c100)     _Iq
0000c102     304 (0000c100)     _Id0
0000c104     304 (0000c100)     _Iq0
0000c106     304 (0000c100)     _Id
0000c108     304 (0000c100)     _Ialpha
0000c10a     304 (0000c100)     _VTimer1
0000c10e     304 (0000c100)     _VTimer2
0000c112     304 (0000c100)     _VTimer0
0000c116     304 (0000c100)     _EC1
0000c11a     304 (0000c100)     _eQEP
0000c120     304 (0000c100)     _pwm1
0000c12a     304 (0000c100)     _eCAP

0000c140     305 (0000c140)     _ePWM
0000c14e     305 (0000c140)     _ACQPS
0000c15e     305 (0000c140)     _TrigSel
0000c16e     305 (0000c140)     _ChSel

0000c180     306 (0000c180)     _qep1
0000c192     306 (0000c180)     _STA_SOSM1

0000c1c0     307 (0000c1c0)     _NN1

0000c200     308 (0000c200)     _mes1

0000cbc4     32f (0000cbc0)     ___TI_enable_exit_profile_output
0000cbc6     32f (0000cbc0)     ___TI_cleanup_ptr
0000cbc8     32f (0000cbc0)     ___TI_dtors_ptr
0000cbca     32f (0000cbc0)     __lock
0000cbcc     32f (0000cbc0)     __unlock
0000cbce     32f (0000cbc0)     _errno

0033fff8    cfff (0033ffc0)     _CsmPwl

00380090    e002 (00380080)     _PartIdRegs

003febdc    ffaf (003febc0)     _FPUsinTable

003fecdc    ffb3 (003fecc0)     _FPUcosTable

003fefdc    ffbf (003fefc0)     _FPUsinTableEnd

003ff0de    ffc3 (003ff0c0)     _FPUatan2HalfPITable
003ff0de    ffc3 (003ff0c0)     _FPUcosTableEnd
003ff0e2    ffc3 (003ff0c0)     _FPUatan2Table

003ff268    ffc9 (003ff240)     _FPUatan2TableEnd


GLOBAL SYMBOLS: SORTED ALPHABETICALLY BY Name 

page  address   name                            
----  -------   ----                            
0     00009000  .text                           
0     0000a5d4  C$$EXIT                         
0     0000a679  FS$$DIV                         
0     0000a034  _A0                             
0     0000a079  _A1                             
0     0000a08a  _A2                             
0     0000a090  _A3                             
1     0000c0b2  _ACC_MAX                        
1     0000c14e  _ACQPS                          
0     00380080  _ADC_cal                        
1     0000c0d2  _A_Task_Ptr                     
1     0000c050  _Acc                            
1     0000c01f  _AcqKt                          
1     00000b00  _AdcMirror                      
1     00007100  _AdcRegs                        
1     0000c0d6  _Alpha_State_Ptr                
0     0000a04d  _B0                             
0     0000a096  _B1                             
0     0000a09c  _B2                             
0     0000a0a2  _B3                             
1     0000c0ce  _B_Task_Ptr                     
1     0000c004  _BackTicker                     
0     0000a063  _C0                             
0     0000a0a8  _C1                             
0     0000a0bd  _C2                             
0     0000a0c3  _C3                             
1     0000c0b8  _CPU_LOAD                       
1     0000c0b4  _CPU_LOAD1                      
1     0000c0d0  _C_Task_Ptr                     
1     0000c008  _Calage_Index                   
1     0000c066  _Cem                            
1     0000c16e  _ChSel                          
1     00000c00  _CpuTimer0Regs                  
1     00000c08  _CpuTimer1Regs                  
1     00000c10  _CpuTimer2Regs                  
1     0000c0a6  _Cref                           
1     0000c0a4  _Cref0                          
1     0000c070  _Crefmax                        
1     0000c074  _Crefmin                        
1     0000c0d4  _Csec                           
1     0033fff8  _CsmPwl                         
1     00000ae0  _CsmRegs                        
1     0000c01d  _DFTKt                          
0     0000a4d9  _DLOG_4CH_init                  
0     0000a4e4  _DLOG_4CH_update                
0     000081ff  _DSP28x_usDelay                 
1     0000c014  _D_transmit                     
1     00000880  _DevEmuRegs                     
0     0000a15b  _DeviceInit                     
1     00001000  _DmaRegs                        
1     0000c116  _EC1                            
1     00006040  _ECanaLAMRegs                   
1     000060c0  _ECanaMOTORegs                  
1     00006080  _ECanaMOTSRegs                  
1     00006100  _ECanaMboxes                    
1     00006000  _ECanaRegs                      
1     00006240  _ECanbLAMRegs                   
1     000062c0  _ECanbMOTORegs                  
1     00006280  _ECanbMOTSRegs                  
1     00006300  _ECanbMboxes                    
1     00006200  _ECanbRegs                      
1     00006a00  _ECap1Regs                      
1     00006a20  _ECap2Regs                      
1     00006a40  _ECap3Regs                      
1     00006a60  _ECap4Regs                      
1     00006a80  _ECap5Regs                      
1     00006aa0  _ECap6Regs                      
1     00006800  _EPwm1Regs                      
1     00006840  _EPwm2Regs                      
1     00006880  _EPwm3Regs                      
1     000068c0  _EPwm4Regs                      
1     00006900  _EPwm5Regs                      
1     00006940  _EPwm6Regs                      
1     00006b00  _EQep1Regs                      
1     00006b40  _EQep2Regs                      
1     0000c032  _Eid                            
1     0000c02c  _Eid0                           
1     0000c09c  _Eiq                            
1     0000c098  _Eiq0                           
1     0000c00e  _EnableFlag                     
1     0000c0ae  _Evit_rds                       
1     0000c0b0  _Evit_rds0                      
1     0000c054  _F0_Idq                         
1     0000c04a  _F0_acc                         
1     0000c03e  _F0_vit                         
0     003ff0de  _FPUatan2HalfPITable            
0     003ff0e2  _FPUatan2Table                  
0     003ff268  _FPUatan2TableEnd               
0     003fecdc  _FPUcosTable                    
0     003ff0de  _FPUcosTableEnd                 
0     003febdc  _FPUsinTable                    
0     003fefdc  _FPUsinTableEnd                 
1     0000c038  _F_Elec_BO                      
1     0000c0b6  _FcoupIdq                       
1     0000c0ba  _Fe                             
1     00000a80  _FlashRegs                      
1     0000c0da  _Gain_Ia                        
1     0000c0e0  _Gain_Ib                        
1     0000c0f0  _Gain_Va                        
1     0000c0f6  _Gain_Vb                        
1     0000c0de  _Gain_Vbus                      
1     0000c0f4  _Gain_Vc                        
1     00006f80  _GpioCtrlRegs                   
1     00006fc0  _GpioDataRegs                   
1     00006fe0  _GpioIntRegs                    
0     0000a0c9  _HVDMC_Protection               
1     00007900  _I2caRegs                       
0     0000a692  _ISR_ILLEGAL                    
1     0000c0ca  _Ia                             
1     0000c108  _Ialpha                         
1     0000c0c6  _Ib                             
1     0000c0fc  _Ibeta                          
1     0000c106  _Id                             
1     0000c102  _Id0                            
1     0000c0fa  _Idf                            
1     0000c030  _Idref                          
0     0000a524  _InitSci                        
0     0000a525  _InitSciGpio                    
0     0000a52c  _InitSciaGpio                   
0     0000a542  _InitScibGpio                   
0     0000a556  _InitScicGpio                   
1     0000c100  _Iq                             
1     0000c104  _Iq0                            
1     0000c0f8  _Iqf                            
1     0000c016  _Iqf_t                          
1     0000c09a  _Iqref                          
1     0000c08a  _Iqref_ech0                     
1     0000c08c  _Iqref_echmax                   
1     0000c08e  _Iqref_echmin                   
1     0000c07e  _Isecu                          
1     0000c0bc  _IsrTicker                      
1     0000c0cc  _JROT                           
1     0000c022  _K1_fIdq                        
1     0000c04e  _K1_facc                        
1     0000c056  _K1_fvit                        
1     0000c096  _K1_id                          
1     0000c0a8  _K1_iq                          
1     0000c06e  _K1_vit                         
1     0000c02e  _K2_fIdq                        
1     0000c052  _K2_facc                        
1     0000c05a  _K2_fvit                        
1     0000c094  _K2_id                          
1     0000c0ac  _K2_iq                          
1     0000c06c  _K2_vit                         
1     0000c06a  _Kt                             
1     0000c082  _Kt_th                          
1     0000c068  _Ktf                            
0     00009000  _MainISR                        
1     00005000  _McbspaRegs                     
1     00005040  _McbspbRegs                     
0     0000a309  _MemCopy                        
1     0000c1c0  _NN1                            
1     0000c005  _Nb_paire_poles                 
1     0000c0fe  _Offset_Ia                      
1     0000c0e4  _Offset_Ib                      
1     0000c0f2  _Offset_Va                      
1     0000c0e6  _Offset_Vb                      
1     0000c0e2  _Offset_Vbus                    
1     0000c0dc  _Offset_Vc                      
0     0000a2a8  _PLLset                         
1     00380090  _PartIdRegs                     
0     0000a2cb  _PieCntlInit                    
1     00000ce0  _PieCtrlRegs                    
1     00000d00  _PieVectTable                   
0     0000a2ea  _PieVectTableInit               
1     0000c04c  _Puls_Elec                      
1     0000c0ea  _Res_Mec                        
1     0000c020  _SPEED_controller               
1     0000c192  _STA_SOSM1                      
1     00007050  _SciaRegs                       
1     00007750  _ScibRegs                       
1     00007770  _ScicRegs                       
1     0000c021  _Secu                           
1     0000c001  _SerialCommsTimer               
1     00007040  _SpiaRegs                       
1     0000c017  _Sync_ech                       
1     00007010  _SysCtrlRegs                    
1     0000c0be  _T                              
1     0000c011  _Ta                             
1     0000c00f  _Tb                             
1     0000c002  _Tc                             
1     0000c0ee  _Theta_Elec                     
1     0000c0ec  _Theta_Elec0                    
1     0000c03c  _Theta_Elec_BO                  
1     0000c0e8  _Theta_Mec                      
1     0000c003  _Tmax                           
1     0000c000  _Tmin                           
1     0000c015  _TransmitCount                  
1     0000c15e  _TrigSel                        
1     0000c010  _TripFlagDMC                    
1     0000c026  _Ud                             
1     0000c024  _Udmax                          
1     0000c028  _Udmin                          
1     0000c092  _Uq                             
1     0000c090  _Uqmax                          
1     0000c0aa  _Uqmin                          
1     0000c112  _VTimer0                        
1     0000c10a  _VTimer1                        
1     0000c10e  _VTimer2                        
1     0000c058  _Va                             
1     0000c0c4  _Va_mes                         
1     0000c042  _Valpha                         
1     0000c036  _Vb                             
1     0000c0c0  _Vb_mes                         
1     0000c040  _Vbeta                          
1     0000c0c8  _Vbus                           
1     0000c034  _Vc                             
1     0000c0c2  _Vc_mes                         
1     0000c048  _Vd                             
1     0000c064  _Vit_ech0                       
1     0000c072  _Vit_echmax                     
1     0000c062  _Vit_echmin                     
1     0000c05c  _Vit_rds                        
1     0000c060  _Vit_rds0                       
1     0000c05e  _Vit_rpm                        
1     0000c01a  _Vit_rpm_t                      
1     0000c0a2  _Vitcons_rpm                    
1     0000c09e  _Vitref_rds                     
1     0000c0a0  _Vitref_rpm                     
1     0000c03a  _Vmax_BO                        
1     0000c046  _Vq                             
0     0000a2a0  _WDogDisable                    
1     00007070  _XIntruptRegs                   
1     00000b20  _XintfRegs                      
1     00000780  __STACK_END                     
abs   00000380  __STACK_SIZE                    
1     0000cbc6  ___TI_cleanup_ptr               
1     0000cbc8  ___TI_dtors_ptr                 
1     0000cbc4  ___TI_enable_exit_profile_output
abs   ffffffff  ___TI_pprof_out_hndl            
abs   ffffffff  ___TI_prof_data_size            
abs   ffffffff  ___TI_prof_data_start           
abs   ffffffff  ___binit__                      
abs   ffffffff  ___c_args__                     
0     00008000  ___cinit__                      
0     0000a6b0  ___etext__                      
abs   ffffffff  ___pinit__                      
0     00009000  ___text__                       
0     0000a660  __args_main                     
1     0000cbca  __lock                          
0     0000a6a4  __nop                           
0     0000a6a0  __register_lock                 
0     0000a69c  __register_unlock               
1     00000400  __stack                         
0     0000a6af  __system_post_cinit             
0     0000a6ad  __system_pre_init               
1     0000cbcc  __unlock                        
0     0000a5d4  _abort                          
0     0000a483  _c_int00                        
1     0000c01b  _comp                           
1     0000c01c  _control                        
0     0000a5fd  _copy_in                        
0     0000a56c  _cos                            
1     0000c044  _cos_theta                      
1     0000c00a  _decim_tab                      
1     0000c00d  _decim_tab_Count                
1     0000c12a  _eCAP                           
1     0000c140  _ePWM                           
1     0000c11a  _eQEP                           
1     0000cbce  _errno                          
0     0000a5d6  _exit                           
0     0000a31c  _exp                            
0     0000a31c  _expf                           
1     0000c0d8  _fROT                           
0     0000a42c  _floor                          
0     0000a42c  _floorf                         
0     0000a128  _getch                          
1     0000c006  _index_profil                   
1     0000c080  _k0_Kt                          
1     0000c084  _k1_Kt                          
1     0000c078  _k1_phi                         
1     0000c088  _k2_Kt                          
1     0000c076  _k2_phi                         
1     0000c086  _k6_Kt                          
1     0000c07a  _k6_phi                         
1     0000c07c  _k_VsF                          
0     00009b05  _main                           
0     0000a642  _memcpy                         
1     0000c200  _mes1                           
1     0000c009  _pos_k                          
1     0000c007  _pos_k1                         
1     0000c013  _pos_sync                       
0     0000a10f  _putchar                        
0     0000a11c  _puts                           
1     0000c120  _pwm1                           
1     0000c180  _qep1                           
1     0000c01e  _rampe_mode                     
0     0000a130  _scib_init                      
0     0000a5a0  _sin                            
1     0000c02a  _sin_theta                      
0     0000a621  _sqrt                           
1     0000c012  _syncmes                        
1     0000c00c  _tabCount                       
1     0000c00b  _tab_rol                        
1     0000c018  _tmp                            
1     0000c019  _x                              
abs   ffffffff  binit                           
0     00008000  cinit                           
0     00000000  code_start                      
0     0000a6b0  etext                           
abs   ffffffff  pinit                           


GLOBAL SYMBOLS: SORTED BY Symbol Address 

page  address   name                            
----  -------   ----                            
0     00000000  code_start                      
0     00008000  ___cinit__                      
0     00008000  cinit                           
0     000081ff  _DSP28x_usDelay                 
0     00009000  .text                           
0     00009000  _MainISR                        
0     00009000  ___text__                       
0     00009b05  _main                           
0     0000a034  _A0                             
0     0000a04d  _B0                             
0     0000a063  _C0                             
0     0000a079  _A1                             
0     0000a08a  _A2                             
0     0000a090  _A3                             
0     0000a096  _B1                             
0     0000a09c  _B2                             
0     0000a0a2  _B3                             
0     0000a0a8  _C1                             
0     0000a0bd  _C2                             
0     0000a0c3  _C3                             
0     0000a0c9  _HVDMC_Protection               
0     0000a10f  _putchar                        
0     0000a11c  _puts                           
0     0000a128  _getch                          
0     0000a130  _scib_init                      
0     0000a15b  _DeviceInit                     
0     0000a2a0  _WDogDisable                    
0     0000a2a8  _PLLset                         
0     0000a2cb  _PieCntlInit                    
0     0000a2ea  _PieVectTableInit               
0     0000a309  _MemCopy                        
0     0000a31c  _exp                            
0     0000a31c  _expf                           
0     0000a42c  _floor                          
0     0000a42c  _floorf                         
0     0000a483  _c_int00                        
0     0000a4d9  _DLOG_4CH_init                  
0     0000a4e4  _DLOG_4CH_update                
0     0000a524  _InitSci                        
0     0000a525  _InitSciGpio                    
0     0000a52c  _InitSciaGpio                   
0     0000a542  _InitScibGpio                   
0     0000a556  _InitScicGpio                   
0     0000a56c  _cos                            
0     0000a5a0  _sin                            
0     0000a5d4  C$$EXIT                         
0     0000a5d4  _abort                          
0     0000a5d6  _exit                           
0     0000a5fd  _copy_in                        
0     0000a621  _sqrt                           
0     0000a642  _memcpy                         
0     0000a660  __args_main                     
0     0000a679  FS$$DIV                         
0     0000a692  _ISR_ILLEGAL                    
0     0000a69c  __register_unlock               
0     0000a6a0  __register_lock                 
0     0000a6a4  __nop                           
0     0000a6ad  __system_pre_init               
0     0000a6af  __system_post_cinit             
0     0000a6b0  ___etext__                      
0     0000a6b0  etext                           
0     00380080  _ADC_cal                        
0     003febdc  _FPUsinTable                    
0     003fecdc  _FPUcosTable                    
0     003fefdc  _FPUsinTableEnd                 
0     003ff0de  _FPUatan2HalfPITable            
0     003ff0de  _FPUcosTableEnd                 
0     003ff0e2  _FPUatan2Table                  
0     003ff268  _FPUatan2TableEnd               
1     00000400  __stack                         
1     00000780  __STACK_END                     
1     00000880  _DevEmuRegs                     
1     00000a80  _FlashRegs                      
1     00000ae0  _CsmRegs                        
1     00000b00  _AdcMirror                      
1     00000b20  _XintfRegs                      
1     00000c00  _CpuTimer0Regs                  
1     00000c08  _CpuTimer1Regs                  
1     00000c10  _CpuTimer2Regs                  
1     00000ce0  _PieCtrlRegs                    
1     00000d00  _PieVectTable                   
1     00001000  _DmaRegs                        
1     00005000  _McbspaRegs                     
1     00005040  _McbspbRegs                     
1     00006000  _ECanaRegs                      
1     00006040  _ECanaLAMRegs                   
1     00006080  _ECanaMOTSRegs                  
1     000060c0  _ECanaMOTORegs                  
1     00006100  _ECanaMboxes                    
1     00006200  _ECanbRegs                      
1     00006240  _ECanbLAMRegs                   
1     00006280  _ECanbMOTSRegs                  
1     000062c0  _ECanbMOTORegs                  
1     00006300  _ECanbMboxes                    
1     00006800  _EPwm1Regs                      
1     00006840  _EPwm2Regs                      
1     00006880  _EPwm3Regs                      
1     000068c0  _EPwm4Regs                      
1     00006900  _EPwm5Regs                      
1     00006940  _EPwm6Regs                      
1     00006a00  _ECap1Regs                      
1     00006a20  _ECap2Regs                      
1     00006a40  _ECap3Regs                      
1     00006a60  _ECap4Regs                      
1     00006a80  _ECap5Regs                      
1     00006aa0  _ECap6Regs                      
1     00006b00  _EQep1Regs                      
1     00006b40  _EQep2Regs                      
1     00006f80  _GpioCtrlRegs                   
1     00006fc0  _GpioDataRegs                   
1     00006fe0  _GpioIntRegs                    
1     00007010  _SysCtrlRegs                    
1     00007040  _SpiaRegs                       
1     00007050  _SciaRegs                       
1     00007070  _XIntruptRegs                   
1     00007100  _AdcRegs                        
1     00007750  _ScibRegs                       
1     00007770  _ScicRegs                       
1     00007900  _I2caRegs                       
1     0000c000  _Tmin                           
1     0000c001  _SerialCommsTimer               
1     0000c002  _Tc                             
1     0000c003  _Tmax                           
1     0000c004  _BackTicker                     
1     0000c005  _Nb_paire_poles                 
1     0000c006  _index_profil                   
1     0000c007  _pos_k1                         
1     0000c008  _Calage_Index                   
1     0000c009  _pos_k                          
1     0000c00a  _decim_tab                      
1     0000c00b  _tab_rol                        
1     0000c00c  _tabCount                       
1     0000c00d  _decim_tab_Count                
1     0000c00e  _EnableFlag                     
1     0000c00f  _Tb                             
1     0000c010  _TripFlagDMC                    
1     0000c011  _Ta                             
1     0000c012  _syncmes                        
1     0000c013  _pos_sync                       
1     0000c014  _D_transmit                     
1     0000c015  _TransmitCount                  
1     0000c016  _Iqf_t                          
1     0000c017  _Sync_ech                       
1     0000c018  _tmp                            
1     0000c019  _x                              
1     0000c01a  _Vit_rpm_t                      
1     0000c01b  _comp                           
1     0000c01c  _control                        
1     0000c01d  _DFTKt                          
1     0000c01e  _rampe_mode                     
1     0000c01f  _AcqKt                          
1     0000c020  _SPEED_controller               
1     0000c021  _Secu                           
1     0000c022  _K1_fIdq                        
1     0000c024  _Udmax                          
1     0000c026  _Ud                             
1     0000c028  _Udmin                          
1     0000c02a  _sin_theta                      
1     0000c02c  _Eid0                           
1     0000c02e  _K2_fIdq                        
1     0000c030  _Idref                          
1     0000c032  _Eid                            
1     0000c034  _Vc                             
1     0000c036  _Vb                             
1     0000c038  _F_Elec_BO                      
1     0000c03a  _Vmax_BO                        
1     0000c03c  _Theta_Elec_BO                  
1     0000c03e  _F0_vit                         
1     0000c040  _Vbeta                          
1     0000c042  _Valpha                         
1     0000c044  _cos_theta                      
1     0000c046  _Vq                             
1     0000c048  _Vd                             
1     0000c04a  _F0_acc                         
1     0000c04c  _Puls_Elec                      
1     0000c04e  _K1_facc                        
1     0000c050  _Acc                            
1     0000c052  _K2_facc                        
1     0000c054  _F0_Idq                         
1     0000c056  _K1_fvit                        
1     0000c058  _Va                             
1     0000c05a  _K2_fvit                        
1     0000c05c  _Vit_rds                        
1     0000c05e  _Vit_rpm                        
1     0000c060  _Vit_rds0                       
1     0000c062  _Vit_echmin                     
1     0000c064  _Vit_ech0                       
1     0000c066  _Cem                            
1     0000c068  _Ktf                            
1     0000c06a  _Kt                             
1     0000c06c  _K2_vit                         
1     0000c06e  _K1_vit                         
1     0000c070  _Crefmax                        
1     0000c072  _Vit_echmax                     
1     0000c074  _Crefmin                        
1     0000c076  _k2_phi                         
1     0000c078  _k1_phi                         
1     0000c07a  _k6_phi                         
1     0000c07c  _k_VsF                          
1     0000c07e  _Isecu                          
1     0000c080  _k0_Kt                          
1     0000c082  _Kt_th                          
1     0000c084  _k1_Kt                          
1     0000c086  _k6_Kt                          
1     0000c088  _k2_Kt                          
1     0000c08a  _Iqref_ech0                     
1     0000c08c  _Iqref_echmax                   
1     0000c08e  _Iqref_echmin                   
1     0000c090  _Uqmax                          
1     0000c092  _Uq                             
1     0000c094  _K2_id                          
1     0000c096  _K1_id                          
1     0000c098  _Eiq0                           
1     0000c09a  _Iqref                          
1     0000c09c  _Eiq                            
1     0000c09e  _Vitref_rds                     
1     0000c0a0  _Vitref_rpm                     
1     0000c0a2  _Vitcons_rpm                    
1     0000c0a4  _Cref0                          
1     0000c0a6  _Cref                           
1     0000c0a8  _K1_iq                          
1     0000c0aa  _Uqmin                          
1     0000c0ac  _K2_iq                          
1     0000c0ae  _Evit_rds                       
1     0000c0b0  _Evit_rds0                      
1     0000c0b2  _ACC_MAX                        
1     0000c0b4  _CPU_LOAD1                      
1     0000c0b6  _FcoupIdq                       
1     0000c0b8  _CPU_LOAD                       
1     0000c0ba  _Fe                             
1     0000c0bc  _IsrTicker                      
1     0000c0be  _T                              
1     0000c0c0  _Vb_mes                         
1     0000c0c2  _Vc_mes                         
1     0000c0c4  _Va_mes                         
1     0000c0c6  _Ib                             
1     0000c0c8  _Vbus                           
1     0000c0ca  _Ia                             
1     0000c0cc  _JROT                           
1     0000c0ce  _B_Task_Ptr                     
1     0000c0d0  _C_Task_Ptr                     
1     0000c0d2  _A_Task_Ptr                     
1     0000c0d4  _Csec                           
1     0000c0d6  _Alpha_State_Ptr                
1     0000c0d8  _fROT                           
1     0000c0da  _Gain_Ia                        
1     0000c0dc  _Offset_Vc                      
1     0000c0de  _Gain_Vbus                      
1     0000c0e0  _Gain_Ib                        
1     0000c0e2  _Offset_Vbus                    
1     0000c0e4  _Offset_Ib                      
1     0000c0e6  _Offset_Vb                      
1     0000c0e8  _Theta_Mec                      
1     0000c0ea  _Res_Mec                        
1     0000c0ec  _Theta_Elec0                    
1     0000c0ee  _Theta_Elec                     
1     0000c0f0  _Gain_Va                        
1     0000c0f2  _Offset_Va                      
1     0000c0f4  _Gain_Vc                        
1     0000c0f6  _Gain_Vb                        
1     0000c0f8  _Iqf                            
1     0000c0fa  _Idf                            
1     0000c0fc  _Ibeta                          
1     0000c0fe  _Offset_Ia                      
1     0000c100  _Iq                             
1     0000c102  _Id0                            
1     0000c104  _Iq0                            
1     0000c106  _Id                             
1     0000c108  _Ialpha                         
1     0000c10a  _VTimer1                        
1     0000c10e  _VTimer2                        
1     0000c112  _VTimer0                        
1     0000c116  _EC1                            
1     0000c11a  _eQEP                           
1     0000c120  _pwm1                           
1     0000c12a  _eCAP                           
1     0000c140  _ePWM                           
1     0000c14e  _ACQPS                          
1     0000c15e  _TrigSel                        
1     0000c16e  _ChSel                          
1     0000c180  _qep1                           
1     0000c192  _STA_SOSM1                      
1     0000c1c0  _NN1                            
1     0000c200  _mes1                           
1     0000cbc4  ___TI_enable_exit_profile_output
1     0000cbc6  ___TI_cleanup_ptr               
1     0000cbc8  ___TI_dtors_ptr                 
1     0000cbca  __lock                          
1     0000cbcc  __unlock                        
1     0000cbce  _errno                          
1     0033fff8  _CsmPwl                         
1     00380090  _PartIdRegs                     
abs   00000380  __STACK_SIZE                    
abs   ffffffff  ___TI_pprof_out_hndl            
abs   ffffffff  ___TI_prof_data_size            
abs   ffffffff  ___TI_prof_data_start           
abs   ffffffff  ___binit__                      
abs   ffffffff  ___c_args__                     
abs   ffffffff  ___pinit__                      
abs   ffffffff  binit                           
abs   ffffffff  pinit                           

[301 symbols]
