******************************************************************************
             TMS320C2000 Linker PC v22.6.0                     
******************************************************************************
>> Linked Tue Oct 17 12:43:19 2023

OUTPUT FILE NAME:   <HVPM_TR57.out>
ENTRY POINT SYMBOL: "_c_int00"  address: 00009b5b


MEMORY CONFIGURATION

         name            origin    length      used     unused   attr    fill
----------------------  --------  ---------  --------  --------  ----  --------
PAGE 0:
  BEGIN                 00000000   00000002  00000002  00000000  RWIX
  BOOT_RSVD             00000002   0000004e  00000000  0000004e  RWIX
  RAMM0                 00000050   000003b0  00000000  000003b0  RWIX
  RAML0                 00008000   00001000  000001ad  00000e53  RWIX
  RAML1                 00009000   00001800  00000d9a  00000a66  RWIX
  RAML2                 0000b000   00001000  00000000  00001000  RWIX
  RAML3                 0000c000   00001000  00000000  00001000  RWIX
  ZONE7A                00200000   0000fc00  00000000  0000fc00  RWIX
  CSM_RSVD              0033ff80   00000076  00000000  00000076  RWIX
  CSM_PWL               0033fff8   00000008  00000000  00000008  RWIX
  ADC_CAL               00380080   00000009  00000007  00000002  RWIX
  IQTABLES              003fe000   00000b50  00000000  00000b50  RWIX
  IQTABLES2             003feb50   0000008c  00000000  0000008c  RWIX
  FPUTABLES             003febdc   000006a0  000006a0  00000000  RWIX
  BOOTROM               003ff27c   00000d44  00000000  00000d44  RWIX
  RESET                 003fffc0   00000002  00000000  00000002  RWIX

PAGE 1:
  RAMM1                 00000400   00000400  00000380  00000080  RWIX
  DEV_EMU               00000880   00000180  000000d0  000000b0  RWIX
  FLASH_REGS            00000a80   00000060  00000008  00000058  RWIX
  CSM                   00000ae0   00000010  00000010  00000000  RWIX
  ADC_MIRROR            00000b00   00000010  00000010  00000000  RWIX
  XINTF                 00000b20   00000020  0000001e  00000002  RWIX
  CPU_TIMER0            00000c00   00000008  00000008  00000000  RWIX
  CPU_TIMER1            00000c08   00000008  00000008  00000000  RWIX
  CPU_TIMER2            00000c10   00000008  00000008  00000000  RWIX
  PIE_CTRL              00000ce0   00000020  0000001a  00000006  RWIX
  PIE_VECT              00000d00   00000100  00000100  00000000  RWIX
  DMA                   00001000   00000200  000000e0  00000120  RWIX
  MCBSPA                00005000   00000040  00000025  0000001b  RWIX
  MCBSPB                00005040   00000040  00000025  0000001b  RWIX
  ECANA                 00006000   00000040  00000034  0000000c  RWIX
  ECANA_LAM             00006040   00000040  00000040  00000000  RWIX
  ECANA_MOTS            00006080   00000040  00000040  00000000  RWIX
  ECANA_MOTO            000060c0   00000040  00000040  00000000  RWIX
  ECANA_MBOX            00006100   00000100  00000100  00000000  RWIX
  ECANB                 00006200   00000040  00000034  0000000c  RWIX
  ECANB_LAM             00006240   00000040  00000040  00000000  RWIX
  ECANB_MOTS            00006280   00000040  00000040  00000000  RWIX
  ECANB_MOTO            000062c0   00000040  00000040  00000000  RWIX
  ECANB_MBOX            00006300   00000100  00000100  00000000  RWIX
  EPWM1                 00006800   00000022  00000022  00000000  RWIX
  EPWM2                 00006840   00000022  00000022  00000000  RWIX
  EPWM3                 00006880   00000022  00000022  00000000  RWIX
  EPWM4                 000068c0   00000022  00000022  00000000  RWIX
  EPWM5                 00006900   00000022  00000022  00000000  RWIX
  EPWM6                 00006940   00000022  00000022  00000000  RWIX
  ECAP1                 00006a00   00000020  00000020  00000000  RWIX
  ECAP2                 00006a20   00000020  00000020  00000000  RWIX
  ECAP3                 00006a40   00000020  00000020  00000000  RWIX
  ECAP4                 00006a60   00000020  00000020  00000000  RWIX
  ECAP5                 00006a80   00000020  00000020  00000000  RWIX
  ECAP6                 00006aa0   00000020  00000020  00000000  RWIX
  EQEP1                 00006b00   00000040  00000040  00000000  RWIX
  EQEP2                 00006b40   00000040  00000040  00000000  RWIX
  GPIOCTRL              00006f80   00000040  0000002e  00000012  RWIX
  GPIODAT               00006fc0   00000020  00000020  00000000  RWIX
  GPIOINT               00006fe0   00000020  0000000a  00000016  RWIX
  SYSTEM                00007010   00000020  00000020  00000000  RWIX
  SPIA                  00007040   00000010  00000010  00000000  RWIX
  SCIA                  00007050   00000010  00000010  00000000  RWIX
  XINTRUPT              00007070   00000010  00000010  00000000  RWIX
  ADC                   00007100   00000020  0000001e  00000002  RWIX
  SCIB                  00007750   00000010  00000010  00000000  RWIX
  SCIC                  00007770   00000010  00000010  00000000  RWIX
  I2CA                  00007900   00000040  00000022  0000001e  RWIX
  RAML4                 0000c000   00001000  00000d26  000002da  RWIX
  RAML5                 0000d000   00001000  00000006  00000ffa  RWIX
  RAML6                 0000e000   00001000  00000000  00001000  RWIX
  RAML7                 0000f000   00001000  00000000  00001000  RWIX
  ZONE7B                0020fc00   00000400  00000000  00000400  RWIX
  CSM_PWL               0033fff8   00000008  00000008  00000000  RWIX
  PARTID                00380090   00000001  00000001  00000000  RWIX


SECTION ALLOCATION MAP

 output                                  attributes/
section   page    origin      length       input sections
--------  ----  ----------  ----------   ----------------
codestart 
*          0    00000000    00000002     
                  00000000    00000002     DSP2833x_CodeStartBranch.obj (codestart)

.cinit     0    00008000    000001a9     
                  00008000    0000013e     HVPM_TR57.obj (.cinit)
                  0000813e    00000013     HVPM_TR57.obj (.cinit:_ACQPS)
                  00008151    00000013     HVPM_TR57.obj (.cinit:_ChSel)
                  00008164    00000011     HVPM_TR57.obj (.cinit:_eCAP)
                  00008175    00000011     HVPM_TR57.obj (.cinit:_ePWM)
                  00008186    0000000e     rts2800_fpu32.lib : exit.c.obj (.cinit)
                  00008194    00000009     HVPM_TR57.obj (.cinit:_eQEP)
                  0000819d    00000005     rts2800_fpu32.lib : _lock.c.obj (.cinit:__lock)
                  000081a2    00000005                       : _lock.c.obj (.cinit:__unlock)
                  000081a7    00000002     --HOLE-- [fill = 0]

ramfuncs   0    000081a9    00000004     
                  000081a9    00000004     DSP2833x_usDelay.obj (ramfuncs)

.text      0    00009000    00000d9a     
                  00009000    00000598     HVPM_TR57.obj (.text:retain)
                  00009598    00000326     HVPM_TR57.obj (.text)
                  000098be    000001c1     HVPM_TR57-DevInit_F2833x.obj (.text)
                  00009a7f    00000083     rts2800_fpu32.lib : fd_mpy28.asm.obj (.text)
                  00009b02    00000059                       : s_floorf.c.obj (.text)
                  00009b5b    00000056                       : boot28.asm.obj (.text)
                  00009bb1    0000004b     DLOG4CHC.obj (.text)
                  00009bfc    00000048     DSP2833x_Sci.obj (.text)
                  00009c44    00000034     rts2800_fpu32_fast_supplement.lib : cos_f32.obj (.text)
                  00009c78    00000034                                       : sin_f32.obj (.text)
                  00009cac    00000029     rts2800_fpu32.lib : exit.c.obj (.text)
                  00009cd5    00000024                       : cpy_tbl.c.obj (.text)
                  00009cf9    0000001f                       : fd_tol28.asm.obj (.text)
                  00009d18    0000001d                       : memcpy.c.obj (.text)
                  00009d35    0000001c                       : fs_tofdfpu32.asm.obj (.text)
                  00009d51    00000019     rts2800_fpu32_fast_supplement.lib : div_f32.obj (.text)
                  00009d6a    00000012     rts2800_fpu32.lib : args_main.c.obj (.text)
                  00009d7c    0000000a     HVPM_TR57-DevInit_F2833x.obj (.text:retain)
                  00009d86    00000009     rts2800_fpu32.lib : _lock.c.obj (.text)
                  00009d8f    00000008     DSP2833x_CodeStartBranch.obj (.text)
                  00009d97    00000002     rts2800_fpu32.lib : pre_init.c.obj (.text)
                  00009d99    00000001                       : startup.c.obj (.text)

DevEmuRegsFile 
*          1    00000880    000000d0     UNINITIALIZED
                  00000880    000000d0     DSP2833x_GlobalVariableDefs.obj (DevEmuRegsFile)

FlashRegsFile 
*          1    00000a80    00000008     UNINITIALIZED
                  00000a80    00000008     DSP2833x_GlobalVariableDefs.obj (FlashRegsFile)

CsmRegsFile 
*          1    00000ae0    00000010     UNINITIALIZED
                  00000ae0    00000010     DSP2833x_GlobalVariableDefs.obj (CsmRegsFile)

AdcMirrorFile 
*          1    00000b00    00000010     UNINITIALIZED
                  00000b00    00000010     DSP2833x_GlobalVariableDefs.obj (AdcMirrorFile)

XintfRegsFile 
*          1    00000b20    0000001e     UNINITIALIZED
                  00000b20    0000001e     DSP2833x_GlobalVariableDefs.obj (XintfRegsFile)

CpuTimer0RegsFile 
*          1    00000c00    00000008     UNINITIALIZED
                  00000c00    00000008     DSP2833x_GlobalVariableDefs.obj (CpuTimer0RegsFile)

CpuTimer1RegsFile 
*          1    00000c08    00000008     UNINITIALIZED
                  00000c08    00000008     DSP2833x_GlobalVariableDefs.obj (CpuTimer1RegsFile)

CpuTimer2RegsFile 
*          1    00000c10    00000008     UNINITIALIZED
                  00000c10    00000008     DSP2833x_GlobalVariableDefs.obj (CpuTimer2RegsFile)

PieCtrlRegsFile 
*          1    00000ce0    0000001a     UNINITIALIZED
                  00000ce0    0000001a     DSP2833x_GlobalVariableDefs.obj (PieCtrlRegsFile)

PieVectTableFile 
*          1    00000d00    00000100     UNINITIALIZED
                  00000d00    00000100     DSP2833x_GlobalVariableDefs.obj (PieVectTableFile)

DmaRegsFile 
*          1    00001000    000000e0     UNINITIALIZED
                  00001000    000000e0     DSP2833x_GlobalVariableDefs.obj (DmaRegsFile)

McbspaRegsFile 
*          1    00005000    00000025     UNINITIALIZED
                  00005000    00000025     DSP2833x_GlobalVariableDefs.obj (McbspaRegsFile)

McbspbRegsFile 
*          1    00005040    00000025     UNINITIALIZED
                  00005040    00000025     DSP2833x_GlobalVariableDefs.obj (McbspbRegsFile)

ECanaRegsFile 
*          1    00006000    00000034     UNINITIALIZED
                  00006000    00000034     DSP2833x_GlobalVariableDefs.obj (ECanaRegsFile)

ECanaLAMRegsFile 
*          1    00006040    00000040     UNINITIALIZED
                  00006040    00000040     DSP2833x_GlobalVariableDefs.obj (ECanaLAMRegsFile)

ECanaMOTSRegsFile 
*          1    00006080    00000040     UNINITIALIZED
                  00006080    00000040     DSP2833x_GlobalVariableDefs.obj (ECanaMOTSRegsFile)

ECanaMOTORegsFile 
*          1    000060c0    00000040     UNINITIALIZED
                  000060c0    00000040     DSP2833x_GlobalVariableDefs.obj (ECanaMOTORegsFile)

ECanaMboxesFile 
*          1    00006100    00000100     UNINITIALIZED
                  00006100    00000100     DSP2833x_GlobalVariableDefs.obj (ECanaMboxesFile)

ECanbRegsFile 
*          1    00006200    00000034     UNINITIALIZED
                  00006200    00000034     DSP2833x_GlobalVariableDefs.obj (ECanbRegsFile)

ECanbLAMRegsFile 
*          1    00006240    00000040     UNINITIALIZED
                  00006240    00000040     DSP2833x_GlobalVariableDefs.obj (ECanbLAMRegsFile)

ECanbMOTSRegsFile 
*          1    00006280    00000040     UNINITIALIZED
                  00006280    00000040     DSP2833x_GlobalVariableDefs.obj (ECanbMOTSRegsFile)

ECanbMOTORegsFile 
*          1    000062c0    00000040     UNINITIALIZED
                  000062c0    00000040     DSP2833x_GlobalVariableDefs.obj (ECanbMOTORegsFile)

ECanbMboxesFile 
*          1    00006300    00000100     UNINITIALIZED
                  00006300    00000100     DSP2833x_GlobalVariableDefs.obj (ECanbMboxesFile)

EPwm1RegsFile 
*          1    00006800    00000022     UNINITIALIZED
                  00006800    00000022     DSP2833x_GlobalVariableDefs.obj (EPwm1RegsFile)

EPwm2RegsFile 
*          1    00006840    00000022     UNINITIALIZED
                  00006840    00000022     DSP2833x_GlobalVariableDefs.obj (EPwm2RegsFile)

EPwm3RegsFile 
*          1    00006880    00000022     UNINITIALIZED
                  00006880    00000022     DSP2833x_GlobalVariableDefs.obj (EPwm3RegsFile)

EPwm4RegsFile 
*          1    000068c0    00000022     UNINITIALIZED
                  000068c0    00000022     DSP2833x_GlobalVariableDefs.obj (EPwm4RegsFile)

EPwm5RegsFile 
*          1    00006900    00000022     UNINITIALIZED
                  00006900    00000022     DSP2833x_GlobalVariableDefs.obj (EPwm5RegsFile)

EPwm6RegsFile 
*          1    00006940    00000022     UNINITIALIZED
                  00006940    00000022     DSP2833x_GlobalVariableDefs.obj (EPwm6RegsFile)

ECap1RegsFile 
*          1    00006a00    00000020     UNINITIALIZED
                  00006a00    00000020     DSP2833x_GlobalVariableDefs.obj (ECap1RegsFile)

ECap2RegsFile 
*          1    00006a20    00000020     UNINITIALIZED
                  00006a20    00000020     DSP2833x_GlobalVariableDefs.obj (ECap2RegsFile)

ECap3RegsFile 
*          1    00006a40    00000020     UNINITIALIZED
                  00006a40    00000020     DSP2833x_GlobalVariableDefs.obj (ECap3RegsFile)

ECap4RegsFile 
*          1    00006a60    00000020     UNINITIALIZED
                  00006a60    00000020     DSP2833x_GlobalVariableDefs.obj (ECap4RegsFile)

ECap5RegsFile 
*          1    00006a80    00000020     UNINITIALIZED
                  00006a80    00000020     DSP2833x_GlobalVariableDefs.obj (ECap5RegsFile)

ECap6RegsFile 
*          1    00006aa0    00000020     UNINITIALIZED
                  00006aa0    00000020     DSP2833x_GlobalVariableDefs.obj (ECap6RegsFile)

EQep1RegsFile 
*          1    00006b00    00000040     UNINITIALIZED
                  00006b00    00000040     DSP2833x_GlobalVariableDefs.obj (EQep1RegsFile)

EQep2RegsFile 
*          1    00006b40    00000040     UNINITIALIZED
                  00006b40    00000040     DSP2833x_GlobalVariableDefs.obj (EQep2RegsFile)

GpioCtrlRegsFile 
*          1    00006f80    0000002e     UNINITIALIZED
                  00006f80    0000002e     DSP2833x_GlobalVariableDefs.obj (GpioCtrlRegsFile)

GpioDataRegsFile 
*          1    00006fc0    00000020     UNINITIALIZED
                  00006fc0    00000020     DSP2833x_GlobalVariableDefs.obj (GpioDataRegsFile)

GpioIntRegsFile 
*          1    00006fe0    0000000a     UNINITIALIZED
                  00006fe0    0000000a     DSP2833x_GlobalVariableDefs.obj (GpioIntRegsFile)

SysCtrlRegsFile 
*          1    00007010    00000020     UNINITIALIZED
                  00007010    00000020     DSP2833x_GlobalVariableDefs.obj (SysCtrlRegsFile)

SpiaRegsFile 
*          1    00007040    00000010     UNINITIALIZED
                  00007040    00000010     DSP2833x_GlobalVariableDefs.obj (SpiaRegsFile)

SciaRegsFile 
*          1    00007050    00000010     UNINITIALIZED
                  00007050    00000010     DSP2833x_GlobalVariableDefs.obj (SciaRegsFile)

XIntruptRegsFile 
*          1    00007070    00000010     UNINITIALIZED
                  00007070    00000010     DSP2833x_GlobalVariableDefs.obj (XIntruptRegsFile)

AdcRegsFile 
*          1    00007100    0000001e     UNINITIALIZED
                  00007100    0000001e     DSP2833x_GlobalVariableDefs.obj (AdcRegsFile)

ScibRegsFile 
*          1    00007750    00000010     UNINITIALIZED
                  00007750    00000010     DSP2833x_GlobalVariableDefs.obj (ScibRegsFile)

ScicRegsFile 
*          1    00007770    00000010     UNINITIALIZED
                  00007770    00000010     DSP2833x_GlobalVariableDefs.obj (ScicRegsFile)

I2caRegsFile 
*          1    00007900    00000022     UNINITIALIZED
                  00007900    00000022     DSP2833x_GlobalVariableDefs.obj (I2caRegsFile)

CsmPwlFile 
*          1    0033fff8    00000008     UNINITIALIZED
                  0033fff8    00000008     DSP2833x_GlobalVariableDefs.obj (CsmPwlFile)

PartIdRegsFile 
*          1    00380090    00000001     UNINITIALIZED
                  00380090    00000001     DSP2833x_GlobalVariableDefs.obj (PartIdRegsFile)

.pinit     0    00008000    00000000     UNINITIALIZED

.stack     1    00000400    00000380     UNINITIALIZED
                  00000400    00000380     --HOLE--

.ebss      1    0000c000    00000d06     UNINITIALIZED
                  0000c000    00000cb8     HVPM_TR57.obj (.ebss)
                  0000ccb8    00000006     HVPM_TR57.obj (.ebss:_eQEP)
                  0000ccbe    00000002     rts2800_fpu32.lib : _lock.c.obj (.ebss:__lock)
                  0000ccc0    00000010     HVPM_TR57.obj (.ebss:_ACQPS)
                  0000ccd0    00000010     HVPM_TR57.obj (.ebss:_ChSel)
                  0000cce0    0000000e     HVPM_TR57.obj (.ebss:_eCAP)
                  0000ccee    0000000e     HVPM_TR57.obj (.ebss:_ePWM)
                  0000ccfc    00000002     rts2800_fpu32.lib : _lock.c.obj (.ebss:__unlock)
                  0000ccfe    00000002     --HOLE--
                  0000cd00    00000006                       : exit.c.obj (.ebss)

.econst    1    0000d000    00000006     
                  0000d000    00000004     HVPM_TR57.obj (.econst)
                  0000d004    00000002     rts2800_fpu32.lib : s_floorf.c.obj (.econst)

FPUmathTables 
*          0    003febdc    000006a0     NOLOAD SECTION
                  003febdc    000006a0     rts2800_fpu32_fast_supplement.lib : FPUmathTables.obj (FPUmathTables)

.reset     0    003fffc0    00000002     DSECT
                  003fffc0    00000002     rts2800_fpu32.lib : boot28.asm.obj (.reset)

csm_rsvd   0    0033ff80    00000000     DSECT

csmpasswds 
*          0    0033fff8    00000000     DSECT

.adc_cal   0    00380080    00000007     NOLOAD SECTION
                  00380080    00000007     DSP2833x_ADC_cal.obj (.adc_cal)

DLOG       1    0000cd06    00000020     UNINITIALIZED
                  0000cd06    00000020     DLOG4CHC.obj (DLOG)

MODULE SUMMARY

       Module                            code   initialized data   uninitialized data
       ------                            ----   ----------------   ------------------
    .\
       HVPM_TR57.obj                     2238   403                3322              
       DSP2833x_GlobalVariableDefs.obj   0      0                  2679              
       HVPM_TR57-DevInit_F2833x.obj      459    0                  0                 
       DLOG4CHC.obj                      75     0                  32                
       DSP2833x_Sci.obj                  72     0                  0                 
       DSP2833x_CodeStartBranch.obj      10     0                  0                 
       DSP2833x_ADC_cal.obj              7      0                  0                 
       DSP2833x_usDelay.obj              4      0                  0                 
    +--+---------------------------------+------+------------------+--------------------+
       Total:                            2865   403                6033              
                                                                                     
    C:/ti/ccs1230/ccs/tools/compiler/ti-cgt-c2000_22.6.0.LTS/lib/rts2800_fpu32.lib
       fd_mpy28.asm.obj                  131    0                  0                 
       s_floorf.c.obj                    89     2                  0                 
       boot28.asm.obj                    86     0                  0                 
       exit.c.obj                        41     14                 6                 
       cpy_tbl.c.obj                     36     0                  0                 
       fd_tol28.asm.obj                  31     0                  0                 
       memcpy.c.obj                      29     0                  0                 
       fs_tofdfpu32.asm.obj              28     0                  0                 
       _lock.c.obj                       9      10                 4                 
       args_main.c.obj                   18     0                  0                 
       pre_init.c.obj                    2      0                  0                 
       startup.c.obj                     1      0                  0                 
    +--+---------------------------------+------+------------------+--------------------+
       Total:                            501    26                 10                
                                                                                     
    C:/ti/controlSUITE/libs/math/FPUfastRTS/V100/lib/rts2800_fpu32_fast_supplement.lib
       FPUmathTables.obj                 0      1696               0                 
       cos_f32.obj                       52     0                  0                 
       sin_f32.obj                       52     0                  0                 
       div_f32.obj                       25     0                  0                 
    +--+---------------------------------+------+------------------+--------------------+
       Total:                            129    1696               0                 
                                                                                     
       Stack:                            0      0                  896               
    +--+---------------------------------+------+------------------+--------------------+
       Grand Total:                      3495   2125               6939              


GLOBAL DATA SYMBOLS: SORTED BY DATA PAGE

address     data page           name
--------    ----------------    ----
00000400      10 (00000400)     __stack

00000880      22 (00000880)     _DevEmuRegs

00000a80      2a (00000a80)     _FlashRegs

00000ae0      2b (00000ac0)     _CsmRegs

00000b00      2c (00000b00)     _AdcMirror
00000b20      2c (00000b00)     _XintfRegs

00000c00      30 (00000c00)     _CpuTimer0Regs
00000c08      30 (00000c00)     _CpuTimer1Regs
00000c10      30 (00000c00)     _CpuTimer2Regs

00000ce0      33 (00000cc0)     _PieCtrlRegs

00000d00      34 (00000d00)     _PieVectTable

00001000      40 (00001000)     _DmaRegs

00005000     140 (00005000)     _McbspaRegs

00005040     141 (00005040)     _McbspbRegs

00006000     180 (00006000)     _ECanaRegs

00006040     181 (00006040)     _ECanaLAMRegs

00006080     182 (00006080)     _ECanaMOTSRegs

000060c0     183 (000060c0)     _ECanaMOTORegs

00006100     184 (00006100)     _ECanaMboxes

00006200     188 (00006200)     _ECanbRegs

00006240     189 (00006240)     _ECanbLAMRegs

00006280     18a (00006280)     _ECanbMOTSRegs

000062c0     18b (000062c0)     _ECanbMOTORegs

00006300     18c (00006300)     _ECanbMboxes

00006800     1a0 (00006800)     _EPwm1Regs

00006840     1a1 (00006840)     _EPwm2Regs

00006880     1a2 (00006880)     _EPwm3Regs

000068c0     1a3 (000068c0)     _EPwm4Regs

00006900     1a4 (00006900)     _EPwm5Regs

00006940     1a5 (00006940)     _EPwm6Regs

00006a00     1a8 (00006a00)     _ECap1Regs
00006a20     1a8 (00006a00)     _ECap2Regs

00006a40     1a9 (00006a40)     _ECap3Regs
00006a60     1a9 (00006a40)     _ECap4Regs

00006a80     1aa (00006a80)     _ECap5Regs
00006aa0     1aa (00006a80)     _ECap6Regs

00006b00     1ac (00006b00)     _EQep1Regs

00006b40     1ad (00006b40)     _EQep2Regs

00006f80     1be (00006f80)     _GpioCtrlRegs

00006fc0     1bf (00006fc0)     _GpioDataRegs
00006fe0     1bf (00006fc0)     _GpioIntRegs

00007010     1c0 (00007000)     _SysCtrlRegs

00007040     1c1 (00007040)     _SpiaRegs
00007050     1c1 (00007040)     _SciaRegs
00007070     1c1 (00007040)     _XIntruptRegs

00007100     1c4 (00007100)     _AdcRegs

00007750     1dd (00007740)     _ScibRegs
00007770     1dd (00007740)     _ScicRegs

00007900     1e4 (00007900)     _I2caRegs

0000c000     300 (0000c000)     _loop_status
0000c001     300 (0000c000)     _BackTicker
0000c002     300 (0000c000)     _TripFlagDMC
0000c003     300 (0000c000)     _EnableFlag
0000c004     300 (0000c000)     _tabCount
0000c005     300 (0000c000)     _decim_tab_Count
0000c006     300 (0000c000)     _decim_tab
0000c007     300 (0000c000)     _Ia_t
0000c008     300 (0000c000)     _Ib_t
0000c009     300 (0000c000)     _Vbus_t
0000c00a     300 (0000c000)     _Ta
0000c00b     300 (0000c000)     _Tb
0000c00c     300 (0000c000)     _Tc
0000c00d     300 (0000c000)     _Tmax
0000c00e     300 (0000c000)     _Tmin
0000c00f     300 (0000c000)     _pos_k
0000c010     300 (0000c000)     _pos_k1
0000c011     300 (0000c000)     _Calage_Index
0000c012     300 (0000c000)     _Nb_paire_poles
0000c013     300 (0000c000)     _index_profil
0000c014     300 (0000c000)     _Secu
0000c015     300 (0000c000)     _comp
0000c016     300 (0000c000)     _Sync_ech
0000c017     300 (0000c000)     _D_transmit
0000c018     300 (0000c000)     _TransmitCount
0000c019     300 (0000c000)     _x
0000c01a     300 (0000c000)     _tmp
0000c01c     300 (0000c000)     _JROT
0000c01e     300 (0000c000)     _fROT
0000c020     300 (0000c000)     _Csec
0000c022     300 (0000c000)     _KP_Vitesse
0000c024     300 (0000c000)     _KI_Vitesse
0000c026     300 (0000c000)     _Tau_integrale_Vitesse
0000c028     300 (0000c000)     _KP_Iq
0000c02a     300 (0000c000)     _KI_Iq
0000c02c     300 (0000c000)     _Tau_integrale_Iq
0000c02e     300 (0000c000)     _KP_Id
0000c030     300 (0000c000)     _KI_Id
0000c032     300 (0000c000)     _Tau_integrale_Id
0000c034     300 (0000c000)     _Iq_ref_consigne
0000c036     300 (0000c000)     _couple_ref
0000c038     300 (0000c000)     _couple_ref_precedent
0000c03a     300 (0000c000)     _Ud_ref
0000c03c     300 (0000c000)     _Ud_ref_precedent
0000c03e     300 (0000c000)     _Uq_ref

0000c040     301 (0000c040)     _Uq_ref_precedent
0000c042     301 (0000c040)     _Iq_ref
0000c044     301 (0000c040)     _Iq_ref_precedent
0000c046     301 (0000c040)     _Erreur_vitesse
0000c048     301 (0000c040)     _Erreur_vitesse_precedent
0000c04a     301 (0000c040)     _Erreur_Iq
0000c04c     301 (0000c040)     _Erreur_Iq_precedent
0000c04e     301 (0000c040)     _Erreur_Id
0000c050     301 (0000c040)     _Erreur_Id_precedent
0000c052     301 (0000c040)     _I_alpha
0000c054     301 (0000c040)     _I_beta
0000c056     301 (0000c040)     _T
0000c058     301 (0000c040)     _Fe
0000c05a     301 (0000c040)     _IsrTicker
0000c05c     301 (0000c040)     _CPU_LOAD
0000c05e     301 (0000c040)     _CPU_LOAD1
0000c060     301 (0000c040)     _Ia
0000c062     301 (0000c040)     _Ib
0000c064     301 (0000c040)     _Ic
0000c066     301 (0000c040)     _Vbus
0000c068     301 (0000c040)     _Va
0000c06a     301 (0000c040)     _Vb
0000c06c     301 (0000c040)     _Vc
0000c06e     301 (0000c040)     _Vq
0000c070     301 (0000c040)     _Vd
0000c072     301 (0000c040)     _Valpha
0000c074     301 (0000c040)     _Vbeta
0000c076     301 (0000c040)     _Ialpha
0000c078     301 (0000c040)     _Ibeta
0000c07a     301 (0000c040)     _sinTheta
0000c07c     301 (0000c040)     _cosTheta
0000c07e     301 (0000c040)     _Id

0000c080     302 (0000c080)     _Iq
0000c082     302 (0000c080)     _Offset_Ia
0000c084     302 (0000c080)     _Offset_Ib
0000c086     302 (0000c080)     _Offset_Vbus
0000c088     302 (0000c080)     _Gain_Ia
0000c08a     302 (0000c080)     _Gain_Ib
0000c08c     302 (0000c080)     _Gain_Vbus
0000c08e     302 (0000c080)     _Res_Mec
0000c090     302 (0000c080)     _Theta_Mec
0000c092     302 (0000c080)     _Theta_Elec
0000c094     302 (0000c080)     _Theta_Elec0
0000c096     302 (0000c080)     _F_Elec_BO
0000c098     302 (0000c080)     _Theta_Elec_BO
0000c09a     302 (0000c080)     _Vmax_BO
0000c09c     302 (0000c080)     _Vitref_rpm
0000c09e     302 (0000c080)     _Isecu
0000c0a0     302 (0000c080)     _k_VsF
0000c0a2     302 (0000c080)     _F0_vit
0000c0a4     302 (0000c080)     _K1_fvit
0000c0a6     302 (0000c080)     _K2_fvit
0000c0a8     302 (0000c080)     _Vit_rpm
0000c0aa     302 (0000c080)     _Vit_rds
0000c0ac     302 (0000c080)     _Vit_rds0
0000c0ae     302 (0000c080)     _Puls_Elec
0000c0b0     302 (0000c080)     _loopcount
0000c0b2     302 (0000c080)     _i
0000c0b4     302 (0000c080)     _pwm1

0000c0c0     303 (0000c0c0)     _qep1

0000c100     304 (0000c100)     _mes1

0000ccb8     332 (0000cc80)     _eQEP
0000ccbe     332 (0000cc80)     __lock

0000ccc0     333 (0000ccc0)     _ACQPS
0000ccd0     333 (0000ccc0)     _ChSel
0000cce0     333 (0000ccc0)     _eCAP
0000ccee     333 (0000ccc0)     _ePWM
0000ccfc     333 (0000ccc0)     __unlock

0000cd00     334 (0000cd00)     ___TI_enable_exit_profile_output
0000cd02     334 (0000cd00)     ___TI_cleanup_ptr
0000cd04     334 (0000cd00)     ___TI_dtors_ptr

0033fff8    cfff (0033ffc0)     _CsmPwl

00380090    e002 (00380080)     _PartIdRegs

003febdc    ffaf (003febc0)     _FPUsinTable

003fecdc    ffb3 (003fecc0)     _FPUcosTable

003fefdc    ffbf (003fefc0)     _FPUsinTableEnd

003ff0de    ffc3 (003ff0c0)     _FPUatan2HalfPITable
003ff0de    ffc3 (003ff0c0)     _FPUcosTableEnd
003ff0e2    ffc3 (003ff0c0)     _FPUatan2Table

003ff268    ffc9 (003ff240)     _FPUatan2TableEnd


GLOBAL SYMBOLS: SORTED ALPHABETICALLY BY Name 

page  address   name                            
----  -------   ----                            
0     00009000  .text                           
0     00009cac  C$$EXIT                         
0     00009a7f  FD$$MPY                         
0     00009cf9  FD$$TOL                         
0     00009d51  FS$$DIV                         
0     00009d35  FS$$TOFD                        
1     0000ccc0  _ACQPS                          
0     00380080  _ADC_cal                        
1     00000b00  _AdcMirror                      
1     00007100  _AdcRegs                        
1     0000c001  _BackTicker                     
1     0000c05c  _CPU_LOAD                       
1     0000c05e  _CPU_LOAD1                      
1     0000c011  _Calage_Index                   
1     0000ccd0  _ChSel                          
1     00000c00  _CpuTimer0Regs                  
1     00000c08  _CpuTimer1Regs                  
1     00000c10  _CpuTimer2Regs                  
1     0000c020  _Csec                           
1     0033fff8  _CsmPwl                         
1     00000ae0  _CsmRegs                        
0     00009bb1  _DLOG_4CH_init                  
0     00009bbc  _DLOG_4CH_update                
0     000081a9  _DSP28x_usDelay                 
1     0000c017  _D_transmit                     
1     00000880  _DevEmuRegs                     
0     000098be  _DeviceInit                     
1     00001000  _DmaRegs                        
1     00006040  _ECanaLAMRegs                   
1     000060c0  _ECanaMOTORegs                  
1     00006080  _ECanaMOTSRegs                  
1     00006100  _ECanaMboxes                    
1     00006000  _ECanaRegs                      
1     00006240  _ECanbLAMRegs                   
1     000062c0  _ECanbMOTORegs                  
1     00006280  _ECanbMOTSRegs                  
1     00006300  _ECanbMboxes                    
1     00006200  _ECanbRegs                      
1     00006a00  _ECap1Regs                      
1     00006a20  _ECap2Regs                      
1     00006a40  _ECap3Regs                      
1     00006a60  _ECap4Regs                      
1     00006a80  _ECap5Regs                      
1     00006aa0  _ECap6Regs                      
1     00006800  _EPwm1Regs                      
1     00006840  _EPwm2Regs                      
1     00006880  _EPwm3Regs                      
1     000068c0  _EPwm4Regs                      
1     00006900  _EPwm5Regs                      
1     00006940  _EPwm6Regs                      
1     00006b00  _EQep1Regs                      
1     00006b40  _EQep2Regs                      
1     0000c003  _EnableFlag                     
1     0000c04e  _Erreur_Id                      
1     0000c050  _Erreur_Id_precedent            
1     0000c04a  _Erreur_Iq                      
1     0000c04c  _Erreur_Iq_precedent            
1     0000c046  _Erreur_vitesse                 
1     0000c048  _Erreur_vitesse_precedent       
1     0000c0a2  _F0_vit                         
0     003ff0de  _FPUatan2HalfPITable            
0     003ff0e2  _FPUatan2Table                  
0     003ff268  _FPUatan2TableEnd               
0     003fecdc  _FPUcosTable                    
0     003ff0de  _FPUcosTableEnd                 
0     003febdc  _FPUsinTable                    
0     003fefdc  _FPUsinTableEnd                 
1     0000c096  _F_Elec_BO                      
1     0000c058  _Fe                             
1     00000a80  _FlashRegs                      
1     0000c088  _Gain_Ia                        
1     0000c08a  _Gain_Ib                        
1     0000c08c  _Gain_Vbus                      
1     00006f80  _GpioCtrlRegs                   
1     00006fc0  _GpioDataRegs                   
1     00006fe0  _GpioIntRegs                    
0     0000982c  _HVDMC_Protection               
1     00007900  _I2caRegs                       
0     00009d7c  _ISR_ILLEGAL                    
1     0000c052  _I_alpha                        
1     0000c054  _I_beta                         
1     0000c060  _Ia                             
1     0000c007  _Ia_t                           
1     0000c076  _Ialpha                         
1     0000c062  _Ib                             
1     0000c008  _Ib_t                           
1     0000c078  _Ibeta                          
1     0000c064  _Ic                             
1     0000c07e  _Id                             
0     00009bfc  _InitSci                        
0     00009bfd  _InitSciGpio                    
0     00009c04  _InitSciaGpio                   
0     00009c1a  _InitScibGpio                   
0     00009c2e  _InitScicGpio                   
1     0000c080  _Iq                             
1     0000c042  _Iq_ref                         
1     0000c034  _Iq_ref_consigne                
1     0000c044  _Iq_ref_precedent               
1     0000c09e  _Isecu                          
1     0000c05a  _IsrTicker                      
1     0000c01c  _JROT                           
1     0000c0a4  _K1_fvit                        
1     0000c0a6  _K2_fvit                        
1     0000c030  _KI_Id                          
1     0000c02a  _KI_Iq                          
1     0000c024  _KI_Vitesse                     
1     0000c02e  _KP_Id                          
1     0000c028  _KP_Iq                          
1     0000c022  _KP_Vitesse                     
0     00009000  _MainISR                        
1     00005000  _McbspaRegs                     
1     00005040  _McbspbRegs                     
0     00009a6c  _MemCopy                        
1     0000c012  _Nb_paire_poles                 
1     0000c082  _Offset_Ia                      
1     0000c084  _Offset_Ib                      
1     0000c086  _Offset_Vbus                    
0     00009a0b  _PLLset                         
1     00380090  _PartIdRegs                     
0     00009a2e  _PieCntlInit                    
1     00000ce0  _PieCtrlRegs                    
1     00000d00  _PieVectTable                   
0     00009a4d  _PieVectTableInit               
1     0000c0ae  _Puls_Elec                      
1     0000c08e  _Res_Mec                        
1     00007050  _SciaRegs                       
1     00007750  _ScibRegs                       
1     00007770  _ScicRegs                       
1     0000c014  _Secu                           
1     00007040  _SpiaRegs                       
1     0000c016  _Sync_ech                       
1     00007010  _SysCtrlRegs                    
1     0000c056  _T                              
1     0000c00a  _Ta                             
1     0000c032  _Tau_integrale_Id               
1     0000c02c  _Tau_integrale_Iq               
1     0000c026  _Tau_integrale_Vitesse          
1     0000c00b  _Tb                             
1     0000c00c  _Tc                             
1     0000c092  _Theta_Elec                     
1     0000c094  _Theta_Elec0                    
1     0000c098  _Theta_Elec_BO                  
1     0000c090  _Theta_Mec                      
1     0000c00d  _Tmax                           
1     0000c00e  _Tmin                           
1     0000c018  _TransmitCount                  
1     0000c002  _TripFlagDMC                    
1     0000c03a  _Ud_ref                         
1     0000c03c  _Ud_ref_precedent               
1     0000c03e  _Uq_ref                         
1     0000c040  _Uq_ref_precedent               
1     0000c068  _Va                             
1     0000c072  _Valpha                         
1     0000c06a  _Vb                             
1     0000c074  _Vbeta                          
1     0000c066  _Vbus                           
1     0000c009  _Vbus_t                         
1     0000c06c  _Vc                             
1     0000c070  _Vd                             
1     0000c0aa  _Vit_rds                        
1     0000c0ac  _Vit_rds0                       
1     0000c0a8  _Vit_rpm                        
1     0000c09c  _Vitref_rpm                     
1     0000c09a  _Vmax_BO                        
1     0000c06e  _Vq                             
0     00009a03  _WDogDisable                    
1     00007070  _XIntruptRegs                   
1     00000b20  _XintfRegs                      
1     00000780  __STACK_END                     
abs   00000380  __STACK_SIZE                    
1     0000cd02  ___TI_cleanup_ptr               
1     0000cd04  ___TI_dtors_ptr                 
1     0000cd00  ___TI_enable_exit_profile_output
abs   ffffffff  ___TI_pprof_out_hndl            
abs   ffffffff  ___TI_prof_data_size            
abs   ffffffff  ___TI_prof_data_start           
abs   ffffffff  ___binit__                      
abs   ffffffff  ___c_args__                     
0     00008000  ___cinit__                      
0     00009d9a  ___etext__                      
abs   ffffffff  ___pinit__                      
0     00009000  ___text__                       
0     00009d6a  __args_main                     
1     0000ccbe  __lock                          
0     00009d8e  __nop                           
0     00009d8a  __register_lock                 
0     00009d86  __register_unlock               
1     00000400  __stack                         
0     00009d99  __system_post_cinit             
0     00009d97  __system_pre_init               
1     0000ccfc  __unlock                        
0     00009cac  _abort                          
0     00009b5b  _c_int00                        
1     0000c015  _comp                           
0     00009cd5  _copy_in                        
0     00009c44  _cos                            
1     0000c07c  _cosTheta                       
1     0000c036  _couple_ref                     
1     0000c038  _couple_ref_precedent           
1     0000c006  _decim_tab                      
1     0000c005  _decim_tab_Count                
1     0000cce0  _eCAP                           
1     0000ccee  _ePWM                           
1     0000ccb8  _eQEP                           
0     00009cae  _exit                           
1     0000c01e  _fROT                           
0     00009b02  _floor                          
0     00009b02  _floorf                         
0     0000988b  _getch                          
1     0000c0b2  _i                              
1     0000c013  _index_profil                   
1     0000c0a0  _k_VsF                          
1     0000c000  _loop_status                    
1     0000c0b0  _loopcount                      
0     00009598  _main                           
0     00009d18  _memcpy                         
1     0000c100  _mes1                           
1     0000c00f  _pos_k                          
1     0000c010  _pos_k1                         
0     00009872  _putchar                        
0     0000987f  _puts                           
1     0000c0b4  _pwm1                           
1     0000c0c0  _qep1                           
0     00009893  _scib_init                      
0     00009c78  _sin                            
1     0000c07a  _sinTheta                       
1     0000c004  _tabCount                       
1     0000c01a  _tmp                            
1     0000c019  _x                              
abs   ffffffff  binit                           
0     00008000  cinit                           
0     00000000  code_start                      
0     00009d9a  etext                           
abs   ffffffff  pinit                           


GLOBAL SYMBOLS: SORTED BY Symbol Address 

page  address   name                            
----  -------   ----                            
0     00000000  code_start                      
0     00008000  ___cinit__                      
0     00008000  cinit                           
0     000081a9  _DSP28x_usDelay                 
0     00009000  .text                           
0     00009000  _MainISR                        
0     00009000  ___text__                       
0     00009598  _main                           
0     0000982c  _HVDMC_Protection               
0     00009872  _putchar                        
0     0000987f  _puts                           
0     0000988b  _getch                          
0     00009893  _scib_init                      
0     000098be  _DeviceInit                     
0     00009a03  _WDogDisable                    
0     00009a0b  _PLLset                         
0     00009a2e  _PieCntlInit                    
0     00009a4d  _PieVectTableInit               
0     00009a6c  _MemCopy                        
0     00009a7f  FD$$MPY                         
0     00009b02  _floor                          
0     00009b02  _floorf                         
0     00009b5b  _c_int00                        
0     00009bb1  _DLOG_4CH_init                  
0     00009bbc  _DLOG_4CH_update                
0     00009bfc  _InitSci                        
0     00009bfd  _InitSciGpio                    
0     00009c04  _InitSciaGpio                   
0     00009c1a  _InitScibGpio                   
0     00009c2e  _InitScicGpio                   
0     00009c44  _cos                            
0     00009c78  _sin                            
0     00009cac  C$$EXIT                         
0     00009cac  _abort                          
0     00009cae  _exit                           
0     00009cd5  _copy_in                        
0     00009cf9  FD$$TOL                         
0     00009d18  _memcpy                         
0     00009d35  FS$$TOFD                        
0     00009d51  FS$$DIV                         
0     00009d6a  __args_main                     
0     00009d7c  _ISR_ILLEGAL                    
0     00009d86  __register_unlock               
0     00009d8a  __register_lock                 
0     00009d8e  __nop                           
0     00009d97  __system_pre_init               
0     00009d99  __system_post_cinit             
0     00009d9a  ___etext__                      
0     00009d9a  etext                           
0     00380080  _ADC_cal                        
0     003febdc  _FPUsinTable                    
0     003fecdc  _FPUcosTable                    
0     003fefdc  _FPUsinTableEnd                 
0     003ff0de  _FPUatan2HalfPITable            
0     003ff0de  _FPUcosTableEnd                 
0     003ff0e2  _FPUatan2Table                  
0     003ff268  _FPUatan2TableEnd               
1     00000400  __stack                         
1     00000780  __STACK_END                     
1     00000880  _DevEmuRegs                     
1     00000a80  _FlashRegs                      
1     00000ae0  _CsmRegs                        
1     00000b00  _AdcMirror                      
1     00000b20  _XintfRegs                      
1     00000c00  _CpuTimer0Regs                  
1     00000c08  _CpuTimer1Regs                  
1     00000c10  _CpuTimer2Regs                  
1     00000ce0  _PieCtrlRegs                    
1     00000d00  _PieVectTable                   
1     00001000  _DmaRegs                        
1     00005000  _McbspaRegs                     
1     00005040  _McbspbRegs                     
1     00006000  _ECanaRegs                      
1     00006040  _ECanaLAMRegs                   
1     00006080  _ECanaMOTSRegs                  
1     000060c0  _ECanaMOTORegs                  
1     00006100  _ECanaMboxes                    
1     00006200  _ECanbRegs                      
1     00006240  _ECanbLAMRegs                   
1     00006280  _ECanbMOTSRegs                  
1     000062c0  _ECanbMOTORegs                  
1     00006300  _ECanbMboxes                    
1     00006800  _EPwm1Regs                      
1     00006840  _EPwm2Regs                      
1     00006880  _EPwm3Regs                      
1     000068c0  _EPwm4Regs                      
1     00006900  _EPwm5Regs                      
1     00006940  _EPwm6Regs                      
1     00006a00  _ECap1Regs                      
1     00006a20  _ECap2Regs                      
1     00006a40  _ECap3Regs                      
1     00006a60  _ECap4Regs                      
1     00006a80  _ECap5Regs                      
1     00006aa0  _ECap6Regs                      
1     00006b00  _EQep1Regs                      
1     00006b40  _EQep2Regs                      
1     00006f80  _GpioCtrlRegs                   
1     00006fc0  _GpioDataRegs                   
1     00006fe0  _GpioIntRegs                    
1     00007010  _SysCtrlRegs                    
1     00007040  _SpiaRegs                       
1     00007050  _SciaRegs                       
1     00007070  _XIntruptRegs                   
1     00007100  _AdcRegs                        
1     00007750  _ScibRegs                       
1     00007770  _ScicRegs                       
1     00007900  _I2caRegs                       
1     0000c000  _loop_status                    
1     0000c001  _BackTicker                     
1     0000c002  _TripFlagDMC                    
1     0000c003  _EnableFlag                     
1     0000c004  _tabCount                       
1     0000c005  _decim_tab_Count                
1     0000c006  _decim_tab                      
1     0000c007  _Ia_t                           
1     0000c008  _Ib_t                           
1     0000c009  _Vbus_t                         
1     0000c00a  _Ta                             
1     0000c00b  _Tb                             
1     0000c00c  _Tc                             
1     0000c00d  _Tmax                           
1     0000c00e  _Tmin                           
1     0000c00f  _pos_k                          
1     0000c010  _pos_k1                         
1     0000c011  _Calage_Index                   
1     0000c012  _Nb_paire_poles                 
1     0000c013  _index_profil                   
1     0000c014  _Secu                           
1     0000c015  _comp                           
1     0000c016  _Sync_ech                       
1     0000c017  _D_transmit                     
1     0000c018  _TransmitCount                  
1     0000c019  _x                              
1     0000c01a  _tmp                            
1     0000c01c  _JROT                           
1     0000c01e  _fROT                           
1     0000c020  _Csec                           
1     0000c022  _KP_Vitesse                     
1     0000c024  _KI_Vitesse                     
1     0000c026  _Tau_integrale_Vitesse          
1     0000c028  _KP_Iq                          
1     0000c02a  _KI_Iq                          
1     0000c02c  _Tau_integrale_Iq               
1     0000c02e  _KP_Id                          
1     0000c030  _KI_Id                          
1     0000c032  _Tau_integrale_Id               
1     0000c034  _Iq_ref_consigne                
1     0000c036  _couple_ref                     
1     0000c038  _couple_ref_precedent           
1     0000c03a  _Ud_ref                         
1     0000c03c  _Ud_ref_precedent               
1     0000c03e  _Uq_ref                         
1     0000c040  _Uq_ref_precedent               
1     0000c042  _Iq_ref                         
1     0000c044  _Iq_ref_precedent               
1     0000c046  _Erreur_vitesse                 
1     0000c048  _Erreur_vitesse_precedent       
1     0000c04a  _Erreur_Iq                      
1     0000c04c  _Erreur_Iq_precedent            
1     0000c04e  _Erreur_Id                      
1     0000c050  _Erreur_Id_precedent            
1     0000c052  _I_alpha                        
1     0000c054  _I_beta                         
1     0000c056  _T                              
1     0000c058  _Fe                             
1     0000c05a  _IsrTicker                      
1     0000c05c  _CPU_LOAD                       
1     0000c05e  _CPU_LOAD1                      
1     0000c060  _Ia                             
1     0000c062  _Ib                             
1     0000c064  _Ic                             
1     0000c066  _Vbus                           
1     0000c068  _Va                             
1     0000c06a  _Vb                             
1     0000c06c  _Vc                             
1     0000c06e  _Vq                             
1     0000c070  _Vd                             
1     0000c072  _Valpha                         
1     0000c074  _Vbeta                          
1     0000c076  _Ialpha                         
1     0000c078  _Ibeta                          
1     0000c07a  _sinTheta                       
1     0000c07c  _cosTheta                       
1     0000c07e  _Id                             
1     0000c080  _Iq                             
1     0000c082  _Offset_Ia                      
1     0000c084  _Offset_Ib                      
1     0000c086  _Offset_Vbus                    
1     0000c088  _Gain_Ia                        
1     0000c08a  _Gain_Ib                        
1     0000c08c  _Gain_Vbus                      
1     0000c08e  _Res_Mec                        
1     0000c090  _Theta_Mec                      
1     0000c092  _Theta_Elec                     
1     0000c094  _Theta_Elec0                    
1     0000c096  _F_Elec_BO                      
1     0000c098  _Theta_Elec_BO                  
1     0000c09a  _Vmax_BO                        
1     0000c09c  _Vitref_rpm                     
1     0000c09e  _Isecu                          
1     0000c0a0  _k_VsF                          
1     0000c0a2  _F0_vit                         
1     0000c0a4  _K1_fvit                        
1     0000c0a6  _K2_fvit                        
1     0000c0a8  _Vit_rpm                        
1     0000c0aa  _Vit_rds                        
1     0000c0ac  _Vit_rds0                       
1     0000c0ae  _Puls_Elec                      
1     0000c0b0  _loopcount                      
1     0000c0b2  _i                              
1     0000c0b4  _pwm1                           
1     0000c0c0  _qep1                           
1     0000c100  _mes1                           
1     0000ccb8  _eQEP                           
1     0000ccbe  __lock                          
1     0000ccc0  _ACQPS                          
1     0000ccd0  _ChSel                          
1     0000cce0  _eCAP                           
1     0000ccee  _ePWM                           
1     0000ccfc  __unlock                        
1     0000cd00  ___TI_enable_exit_profile_output
1     0000cd02  ___TI_cleanup_ptr               
1     0000cd04  ___TI_dtors_ptr                 
1     0033fff8  _CsmPwl                         
1     00380090  _PartIdRegs                     
abs   00000380  __STACK_SIZE                    
abs   ffffffff  ___TI_pprof_out_hndl            
abs   ffffffff  ___TI_prof_data_size            
abs   ffffffff  ___TI_prof_data_start           
abs   ffffffff  ___binit__                      
abs   ffffffff  ___c_args__                     
abs   ffffffff  ___pinit__                      
abs   ffffffff  binit                           
abs   ffffffff  pinit                           

[234 symbols]
